扫描 PDF 3053 个，识别 193 个，未识别跳过 2860 个，分类预检失败 0 个，筛选后待处理 193 个；类别：tender_cover, bid_evaluation_report, bid_candidates, award_notice, bid_announcement, bid_list, archive_info。
[--------------------] 0/193 (0%) 处理中 1/193 | 类别 bid_evaluation_report 1/13 | 文件：huishan/高标田原始数据/高标田数据/前洲/1.2022年前洲街道惠澄大道东侧杨家圩村中圩片区高标准农田建设项目/WXHS20210720001-S01-前洲片区生态综合整治项目（农田水利部分）水利基建项目三标段/4、评标资料/评标报告/评标报告.pdf
文件：huishan/高标田原始数据/高标田数据/前洲/1.2022年前洲街道惠澄大道东侧杨家圩村中圩片区高标准农田建设项目/WXHS20210720001-S01-前洲片区生态综合整治项目（农田水利部分）水利基建项目三标段/4、评标资料/评标报告/评标报告.pdf | 页面 OCR：第1页开始，DPI 150。
[0;93m2026-07-15 15:15:29.323201404 [W:onnxruntime:Default, device_discovery.cc:164 DiscoverDevicesForPlatform] GPU device discovery failed: device_discovery.cc:89 ReadFileContents Failed to open file: "/sys/class/drm/card0/device/vendor"[m
文件：huishan/高标田原始数据/高标田数据/前洲/1.2022年前洲街道惠澄大道东侧杨家圩村中圩片区高标准农田建设项目/WXHS20210720001-S01-前洲片区生态综合整治项目（农田水利部分）水利基建项目三标段/4、评标资料/评标报告/评标报告.pdf | 页面 OCR：第1页完成，DPI 150，识别 2 行，总耗时 0.9 秒。
文件：huishan/高标田原始数据/高标田数据/前洲/1.2022年前洲街道惠澄大道东侧杨家圩村中圩片区高标准农田建设项目/WXHS20210720001-S01-前洲片区生态综合整治项目（农田水利部分）水利基建项目三标段/4、评标资料/评标报告/评标报告.pdf | 页面 OCR：第2页开始，DPI 150。
文件：huishan/高标田原始数据/高标田数据/前洲/1.2022年前洲街道惠澄大道东侧杨家圩村中圩片区高标准农田建设项目/WXHS20210720001-S01-前洲片区生态综合整治项目（农田水利部分）水利基建项目三标段/4、评标资料/评标报告/评标报告.pdf | 页面 OCR：第2页完成，DPI 150，识别 23 行，总耗时 0.6 秒。
文件：huishan/高标田原始数据/高标田数据/前洲/1.2022年前洲街道惠澄大道东侧杨家圩村中圩片区高标准农田建设项目/WXHS20210720001-S01-前洲片区生态综合整治项目（农田水利部分）水利基建项目三标段/4、评标资料/评标报告/评标报告.pdf | 页面 OCR：第3页开始，DPI 150。
文件：huishan/高标田原始数据/高标田数据/前洲/1.2022年前洲街道惠澄大道东侧杨家圩村中圩片区高标准农田建设项目/WXHS20210720001-S01-前洲片区生态综合整治项目（农田水利部分）水利基建项目三标段/4、评标资料/评标报告/评标报告.pdf | 页面 OCR：第3页完成，DPI 150，识别 27 行，总耗时 0.6 秒。
文件：huishan/高标田原始数据/高标田数据/前洲/1.2022年前洲街道惠澄大道东侧杨家圩村中圩片区高标准农田建设项目/WXHS20210720001-S01-前洲片区生态综合整治项目（农田水利部分）水利基建项目三标段/4、评标资料/评标报告/评标报告.pdf | 页面 OCR：第4页开始，DPI 150。
文件：huishan/高标田原始数据/高标田数据/前洲/1.2022年前洲街道惠澄大道东侧杨家圩村中圩片区高标准农田建设项目/WXHS20210720001-S01-前洲片区生态综合整治项目（农田水利部分）水利基建项目三标段/4、评标资料/评标报告/评标报告.pdf | 页面 OCR：第4页完成，DPI 150，识别 15 行，总耗时 0.5 秒。
文件：huishan/高标田原始数据/高标田数据/前洲/1.2022年前洲街道惠澄大道东侧杨家圩村中圩片区高标准农田建设项目/WXHS20210720001-S01-前洲片区生态综合整治项目（农田水利部分）水利基建项目三标段/4、评标资料/评标报告/评标报告.pdf | 页面 OCR：第5页开始，DPI 150。
文件：huishan/高标田原始数据/高标田数据/前洲/1.2022年前洲街道惠澄大道东侧杨家圩村中圩片区高标准农田建设项目/WXHS20210720001-S01-前洲片区生态综合整治项目（农田水利部分）水利基建项目三标段/4、评标资料/评标报告/评标报告.pdf | 页面 OCR：第5页完成，DPI 150，识别 31 行，总耗时 0.7 秒。
文件：huishan/高标田原始数据/高标田数据/前洲/1.2022年前洲街道惠澄大道东侧杨家圩村中圩片区高标准农田建设项目/WXHS20210720001-S01-前洲片区生态综合整治项目（农田水利部分）水利基建项目三标段/4、评标资料/评标报告/评标报告.pdf | 页面 OCR：第6页开始，DPI 150。
文件：huishan/高标田原始数据/高标田数据/前洲/1.2022年前洲街道惠澄大道东侧杨家圩村中圩片区高标准农田建设项目/WXHS20210720001-S01-前洲片区生态综合整治项目（农田水利部分）水利基建项目三标段/4、评标资料/评标报告/评标报告.pdf | 页面 OCR：第6页完成，DPI 150，识别 0 行，总耗时 0.3 秒。
文件：huishan/高标田原始数据/高标田数据/前洲/1.2022年前洲街道惠澄大道东侧杨家圩村中圩片区高标准农田建设项目/WXHS20210720001-S01-前洲片区生态综合整治项目（农田水利部分）水利基建项目三标段/4、评标资料/评标报告/评标报告.pdf | 页面 OCR：第7页开始，DPI 150。
文件：huishan/高标田原始数据/高标田数据/前洲/1.2022年前洲街道惠澄大道东侧杨家圩村中圩片区高标准农田建设项目/WXHS20210720001-S01-前洲片区生态综合整治项目（农田水利部分）水利基建项目三标段/4、评标资料/评标报告/评标报告.pdf | 页面 OCR：第7页完成，DPI 150，识别 36 行，总耗时 0.7 秒。
文件：huishan/高标田原始数据/高标田数据/前洲/1.2022年前洲街道惠澄大道东侧杨家圩村中圩片区高标准农田建设项目/WXHS20210720001-S01-前洲片区生态综合整治项目（农田水利部分）水利基建项目三标段/4、评标资料/评标报告/评标报告.pdf | 页面 OCR：第8页开始，DPI 150。
文件：huishan/高标田原始数据/高标田数据/前洲/1.2022年前洲街道惠澄大道东侧杨家圩村中圩片区高标准农田建设项目/WXHS20210720001-S01-前洲片区生态综合整治项目（农田水利部分）水利基建项目三标段/4、评标资料/评标报告/评标报告.pdf | 页面 OCR：第8页完成，DPI 150，识别 7 行，总耗时 0.5 秒。
文件：huishan/高标田原始数据/高标田数据/前洲/1.2022年前洲街道惠澄大道东侧杨家圩村中圩片区高标准农田建设项目/WXHS20210720001-S01-前洲片区生态综合整治项目（农田水利部分）水利基建项目三标段/4、评标资料/评标报告/评标报告.pdf | 页面 OCR：第9页开始，DPI 150。
文件：huishan/高标田原始数据/高标田数据/前洲/1.2022年前洲街道惠澄大道东侧杨家圩村中圩片区高标准农田建设项目/WXHS20210720001-S01-前洲片区生态综合整治项目（农田水利部分）水利基建项目三标段/4、评标资料/评标报告/评标报告.pdf | 页面 OCR：第9页完成，DPI 150，识别 7 行，总耗时 0.7 秒。
文件：huishan/高标田原始数据/高标田数据/前洲/1.2022年前洲街道惠澄大道东侧杨家圩村中圩片区高标准农田建设项目/WXHS20210720001-S01-前洲片区生态综合整治项目（农田水利部分）水利基建项目三标段/4、评标资料/评标报告/评标报告.pdf | 页面 OCR：第10页开始，DPI 150。
文件：huishan/高标田原始数据/高标田数据/前洲/1.2022年前洲街道惠澄大道东侧杨家圩村中圩片区高标准农田建设项目/WXHS20210720001-S01-前洲片区生态综合整治项目（农田水利部分）水利基建项目三标段/4、评标资料/评标报告/评标报告.pdf | 页面 OCR：第10页完成，DPI 150，识别 0 行，总耗时 0.4 秒。
文件：huishan/高标田原始数据/高标田数据/前洲/1.2022年前洲街道惠澄大道东侧杨家圩村中圩片区高标准农田建设项目/WXHS20210720001-S01-前洲片区生态综合整治项目（农田水利部分）水利基建项目三标段/4、评标资料/评标报告/评标报告.pdf | 页面 OCR：第11页开始，DPI 150。
文件：huishan/高标田原始数据/高标田数据/前洲/1.2022年前洲街道惠澄大道东侧杨家圩村中圩片区高标准农田建设项目/WXHS20210720001-S01-前洲片区生态综合整治项目（农田水利部分）水利基建项目三标段/4、评标资料/评标报告/评标报告.pdf | 页面 OCR：第11页完成，DPI 150，识别 74 行，总耗时 0.9 秒。
文件：huishan/高标田原始数据/高标田数据/前洲/1.2022年前洲街道惠澄大道东侧杨家圩村中圩片区高标准农田建设项目/WXHS20210720001-S01-前洲片区生态综合整治项目（农田水利部分）水利基建项目三标段/4、评标资料/评标报告/评标报告.pdf | 页面 OCR：第12页开始，DPI 150。
文件：huishan/高标田原始数据/高标田数据/前洲/1.2022年前洲街道惠澄大道东侧杨家圩村中圩片区高标准农田建设项目/WXHS20210720001-S01-前洲片区生态综合整治项目（农田水利部分）水利基建项目三标段/4、评标资料/评标报告/评标报告.pdf | 页面 OCR：第12页完成，DPI 150，识别 26 行，总耗时 0.6 秒。
文件：huishan/高标田原始数据/高标田数据/前洲/1.2022年前洲街道惠澄大道东侧杨家圩村中圩片区高标准农田建设项目/WXHS20210720001-S01-前洲片区生态综合整治项目（农田水利部分）水利基建项目三标段/4、评标资料/评标报告/评标报告.pdf | 页面 OCR：第13页开始，DPI 150。
文件：huishan/高标田原始数据/高标田数据/前洲/1.2022年前洲街道惠澄大道东侧杨家圩村中圩片区高标准农田建设项目/WXHS20210720001-S01-前洲片区生态综合整治项目（农田水利部分）水利基建项目三标段/4、评标资料/评标报告/评标报告.pdf | 页面 OCR：第13页完成，DPI 150，识别 40 行，总耗时 0.8 秒。
文件：huishan/高标田原始数据/高标田数据/前洲/1.2022年前洲街道惠澄大道东侧杨家圩村中圩片区高标准农田建设项目/WXHS20210720001-S01-前洲片区生态综合整治项目（农田水利部分）水利基建项目三标段/4、评标资料/评标报告/评标报告.pdf | 页面 OCR：第14页开始，DPI 150。
文件：huishan/高标田原始数据/高标田数据/前洲/1.2022年前洲街道惠澄大道东侧杨家圩村中圩片区高标准农田建设项目/WXHS20210720001-S01-前洲片区生态综合整治项目（农田水利部分）水利基建项目三标段/4、评标资料/评标报告/评标报告.pdf | 页面 OCR：第14页完成，DPI 150，识别 8 行，总耗时 0.5 秒。
文件：huishan/高标田原始数据/高标田数据/前洲/1.2022年前洲街道惠澄大道东侧杨家圩村中圩片区高标准农田建设项目/WXHS20210720001-S01-前洲片区生态综合整治项目（农田水利部分）水利基建项目三标段/4、评标资料/评标报告/评标报告.pdf | 页面 OCR：第15页开始，DPI 150。
文件：huishan/高标田原始数据/高标田数据/前洲/1.2022年前洲街道惠澄大道东侧杨家圩村中圩片区高标准农田建设项目/WXHS20210720001-S01-前洲片区生态综合整治项目（农田水利部分）水利基建项目三标段/4、评标资料/评标报告/评标报告.pdf | 页面 OCR：第15页完成，DPI 150，识别 4 行，总耗时 0.5 秒。
文件：huishan/高标田原始数据/高标田数据/前洲/1.2022年前洲街道惠澄大道东侧杨家圩村中圩片区高标准农田建设项目/WXHS20210720001-S01-前洲片区生态综合整治项目（农田水利部分）水利基建项目三标段/4、评标资料/评标报告/评标报告.pdf | 页面 OCR：第16页开始，DPI 150。
文件：huishan/高标田原始数据/高标田数据/前洲/1.2022年前洲街道惠澄大道东侧杨家圩村中圩片区高标准农田建设项目/WXHS20210720001-S01-前洲片区生态综合整治项目（农田水利部分）水利基建项目三标段/4、评标资料/评标报告/评标报告.pdf | 页面 OCR：第16页完成，DPI 150，识别 15 行，总耗时 0.7 秒。
文件：huishan/高标田原始数据/高标田数据/前洲/1.2022年前洲街道惠澄大道东侧杨家圩村中圩片区高标准农田建设项目/WXHS20210720001-S01-前洲片区生态综合整治项目（农田水利部分）水利基建项目三标段/4、评标资料/评标报告/评标报告.pdf | 页面 OCR：第17页开始，DPI 150。
文件：huishan/高标田原始数据/高标田数据/前洲/1.2022年前洲街道惠澄大道东侧杨家圩村中圩片区高标准农田建设项目/WXHS20210720001-S01-前洲片区生态综合整治项目（农田水利部分）水利基建项目三标段/4、评标资料/评标报告/评标报告.pdf | 页面 OCR：第17页完成，DPI 150，识别 5 行，总耗时 0.6 秒。
文件：huishan/高标田原始数据/高标田数据/前洲/1.2022年前洲街道惠澄大道东侧杨家圩村中圩片区高标准农田建设项目/WXHS20210720001-S01-前洲片区生态综合整治项目（农田水利部分）水利基建项目三标段/4、评标资料/评标报告/评标报告.pdf | 页面 OCR：第13页开始，DPI 300。
文件：huishan/高标田原始数据/高标田数据/前洲/1.2022年前洲街道惠澄大道东侧杨家圩村中圩片区高标准农田建设项目/WXHS20210720001-S01-前洲片区生态综合整治项目（农田水利部分）水利基建项目三标段/4、评标资料/评标报告/评标报告.pdf | 页面 OCR：第13页完成，DPI 300，识别 40 行，总耗时 1.4 秒。
[--------------------] 1/193 (1%) 完成 1/193 | 类别 bid_evaluation_report | 页数 17 | OCR 页 [1, 2, 3, 4, 5, 6, 7, 8, 9, 10, 11, 12, 13, 14, 15, 16, 17] | 记录 14 | 状态 成功
[--------------------] 1/193 (1%) 处理中 2/193 | 类别 bid_candidates 1/15 | 文件：huishan/高标田原始数据/高标田数据/前洲/1.2022年前洲街道惠澄大道东侧杨家圩村中圩片区高标准农田建设项目/WXHS20210720001-S01-前洲片区生态综合整治项目（农田水利部分）水利基建项目三标段/5、定标资料/中标公示.pdf
文件：huishan/高标田原始数据/高标田数据/前洲/1.2022年前洲街道惠澄大道东侧杨家圩村中圩片区高标准农田建设项目/WXHS20210720001-S01-前洲片区生态综合整治项目（农田水利部分）水利基建项目三标段/5、定标资料/中标公示.pdf | 页面 OCR：第1页使用原生文本层，跳过 OCR。
文件：huishan/高标田原始数据/高标田数据/前洲/1.2022年前洲街道惠澄大道东侧杨家圩村中圩片区高标准农田建设项目/WXHS20210720001-S01-前洲片区生态综合整治项目（农田水利部分）水利基建项目三标段/5、定标资料/中标公示.pdf | 页面 OCR：第2页使用原生文本层，跳过 OCR。
文件：huishan/高标田原始数据/高标田数据/前洲/1.2022年前洲街道惠澄大道东侧杨家圩村中圩片区高标准农田建设项目/WXHS20210720001-S01-前洲片区生态综合整治项目（农田水利部分）水利基建项目三标段/5、定标资料/中标公示.pdf | 页面 OCR：第3页使用原生文本层，跳过 OCR。
[--------------------] 2/193 (1%) 完成 2/193 | 类别 bid_candidates | 页数 3 | OCR 页 无 | 记录 15 | 状态 成功
[--------------------] 2/193 (1%) 处理中 3/193 | 类别 tender_cover 1/118 | 文件：huishan/高标田原始数据/高标田数据/前洲/1.2022年前洲街道惠澄大道东侧杨家圩村中圩片区高标准农田建设项目/WXHS20210720001-S01-前洲片区生态综合整治项目（农田水利部分）水利基建项目三标段/5、定标资料/中标单位投标文件-山东水利集团/技术标/封面.pdf
文件：huishan/高标田原始数据/高标田数据/前洲/1.2022年前洲街道惠澄大道东侧杨家圩村中圩片区高标准农田建设项目/WXHS20210720001-S01-前洲片区生态综合整治项目（农田水利部分）水利基建项目三标段/5、定标资料/中标单位投标文件-山东水利集团/技术标/封面.pdf | 封面 OCR：第1页使用原生文本层，跳过 OCR。
[--------------------] 3/193 (2%) 完成 3/193 | 类别 tender_cover | 页数 1 | OCR 页 无 | 记录 1 | 状态 成功
[--------------------] 3/193 (2%) 处理中 4/193 | 类别 award_notice 1/16 | 文件：huishan/高标田原始数据/高标田数据/前洲/1.2022年前洲街道惠澄大道东侧杨家圩村中圩片区高标准农田建设项目/WXHS20210720001-S01-前洲片区生态综合整治项目（农田水利部分）水利基建项目三标段/5、定标资料/中标通知书.pdf
文件：huishan/高标田原始数据/高标田数据/前洲/1.2022年前洲街道惠澄大道东侧杨家圩村中圩片区高标准农田建设项目/WXHS20210720001-S01-前洲片区生态综合整治项目（农田水利部分）水利基建项目三标段/5、定标资料/中标通知书.pdf | 页面 OCR：第1页开始，DPI 300。
文件：huishan/高标田原始数据/高标田数据/前洲/1.2022年前洲街道惠澄大道东侧杨家圩村中圩片区高标准农田建设项目/WXHS20210720001-S01-前洲片区生态综合整治项目（农田水利部分）水利基建项目三标段/5、定标资料/中标通知书.pdf | 页面 OCR：第1页完成，DPI 300，识别 48 行，总耗时 1.7 秒。
[--------------------] 4/193 (2%) 完成 4/193 | 类别 award_notice | 页数 1 | OCR 页 [1] | 记录 1 | 状态 成功
[--------------------] 4/193 (2%) 处理中 5/193 | 类别 tender_cover 2/118 | 文件：huishan/高标田原始数据/高标田数据/前洲/1.2022年前洲街道惠澄大道东侧杨家圩村中圩片区高标准农田建设项目/投标文件1/江苏三水建设工程有限公司/第一信封/封面.pdf
文件：huishan/高标田原始数据/高标田数据/前洲/1.2022年前洲街道惠澄大道东侧杨家圩村中圩片区高标准农田建设项目/投标文件1/江苏三水建设工程有限公司/第一信封/封面.pdf | 封面 OCR：基础候选 1/2（original）开始。
文件：huishan/高标田原始数据/高标田数据/前洲/1.2022年前洲街道惠澄大道东侧杨家圩村中圩片区高标准农田建设项目/投标文件1/江苏三水建设工程有限公司/第一信封/封面.pdf | 封面 OCR：基础候选 1/2（original）完成，耗时 0.9 秒，识别 18 行。
文件：huishan/高标田原始数据/高标田数据/前洲/1.2022年前洲街道惠澄大道东侧杨家圩村中圩片区高标准农田建设项目/投标文件1/江苏三水建设工程有限公司/第一信封/封面.pdf | 封面 OCR：基础候选 2/2（remove_red_seal）开始。
文件：huishan/高标田原始数据/高标田数据/前洲/1.2022年前洲街道惠澄大道东侧杨家圩村中圩片区高标准农田建设项目/投标文件1/江苏三水建设工程有限公司/第一信封/封面.pdf | 封面 OCR：基础候选 2/2（remove_red_seal）完成，耗时 1.0 秒，识别 17 行。
文件：huishan/高标田原始数据/高标田数据/前洲/1.2022年前洲街道惠澄大道东侧杨家圩村中圩片区高标准农田建设项目/投标文件1/江苏三水建设工程有限公司/第一信封/封面.pdf | 封面 OCR：第1页完成，候选 2 个，总耗时 2.1 秒。
[#-------------------] 5/193 (3%) 完成 5/193 | 类别 tender_cover | 页数 1 | OCR 页 [1] | 记录 1 | 状态 待复核
[#-------------------] 5/193 (3%) 处理中 6/193 | 类别 tender_cover 3/118 | 文件：huishan/高标田原始数据/高标田数据/前洲/1.2022年前洲街道惠澄大道东侧杨家圩村中圩片区高标准农田建设项目/投标文件1/江苏卓泰水利建设有限公司/第一信封/封面.pdf
文件：huishan/高标田原始数据/高标田数据/前洲/1.2022年前洲街道惠澄大道东侧杨家圩村中圩片区高标准农田建设项目/投标文件1/江苏卓泰水利建设有限公司/第一信封/封面.pdf | 封面 OCR：基础候选 1/2（original）开始。
文件：huishan/高标田原始数据/高标田数据/前洲/1.2022年前洲街道惠澄大道东侧杨家圩村中圩片区高标准农田建设项目/投标文件1/江苏卓泰水利建设有限公司/第一信封/封面.pdf | 封面 OCR：基础候选 1/2（original）完成，耗时 0.7 秒，识别 13 行。
文件：huishan/高标田原始数据/高标田数据/前洲/1.2022年前洲街道惠澄大道东侧杨家圩村中圩片区高标准农田建设项目/投标文件1/江苏卓泰水利建设有限公司/第一信封/封面.pdf | 封面 OCR：基础候选 2/2（remove_red_seal）开始。
文件：huishan/高标田原始数据/高标田数据/前洲/1.2022年前洲街道惠澄大道东侧杨家圩村中圩片区高标准农田建设项目/投标文件1/江苏卓泰水利建设有限公司/第一信封/封面.pdf | 封面 OCR：基础候选 2/2（remove_red_seal）完成，耗时 0.8 秒，识别 12 行。
文件：huishan/高标田原始数据/高标田数据/前洲/1.2022年前洲街道惠澄大道东侧杨家圩村中圩片区高标准农田建设项目/投标文件1/江苏卓泰水利建设有限公司/第一信封/封面.pdf | 封面 OCR：第1页完成，候选 2 个，总耗时 1.8 秒。
[#-------------------] 6/193 (3%) 完成 6/193 | 类别 tender_cover | 页数 1 | OCR 页 [1] | 记录 1 | 状态 待复核
[#-------------------] 6/193 (3%) 处理中 7/193 | 类别 tender_cover 4/118 | 文件：huishan/高标田原始数据/高标田数据/前洲/1.2022年前洲街道惠澄大道东侧杨家圩村中圩片区高标准农田建设项目/投标文件1/江苏省水利建设工程有限公司/第一信封/封面.pdf
文件：huishan/高标田原始数据/高标田数据/前洲/1.2022年前洲街道惠澄大道东侧杨家圩村中圩片区高标准农田建设项目/投标文件1/江苏省水利建设工程有限公司/第一信封/封面.pdf | 封面 OCR：基础候选 1/2（original）开始。
文件：huishan/高标田原始数据/高标田数据/前洲/1.2022年前洲街道惠澄大道东侧杨家圩村中圩片区高标准农田建设项目/投标文件1/江苏省水利建设工程有限公司/第一信封/封面.pdf | 封面 OCR：基础候选 1/2（original）完成，耗时 1.0 秒，识别 15 行。
文件：huishan/高标田原始数据/高标田数据/前洲/1.2022年前洲街道惠澄大道东侧杨家圩村中圩片区高标准农田建设项目/投标文件1/江苏省水利建设工程有限公司/第一信封/封面.pdf | 封面 OCR：基础候选 2/2（remove_red_seal）开始。
文件：huishan/高标田原始数据/高标田数据/前洲/1.2022年前洲街道惠澄大道东侧杨家圩村中圩片区高标准农田建设项目/投标文件1/江苏省水利建设工程有限公司/第一信封/封面.pdf | 封面 OCR：基础候选 2/2（remove_red_seal）完成，耗时 0.7 秒，识别 13 行。
文件：huishan/高标田原始数据/高标田数据/前洲/1.2022年前洲街道惠澄大道东侧杨家圩村中圩片区高标准农田建设项目/投标文件1/江苏省水利建设工程有限公司/第一信封/封面.pdf | 封面 OCR：基础候选质量不足，启动 375 DPI 定向重试（3 个候选）。
文件：huishan/高标田原始数据/高标田数据/前洲/1.2022年前洲街道惠澄大道东侧杨家圩村中圩片区高标准农田建设项目/投标文件1/江苏省水利建设工程有限公司/第一信封/封面.pdf | 封面 OCR：高分辨率定向候选 1/3（top_crop_remove_red_seal）开始。
文件：huishan/高标田原始数据/高标田数据/前洲/1.2022年前洲街道惠澄大道东侧杨家圩村中圩片区高标准农田建设项目/投标文件1/江苏省水利建设工程有限公司/第一信封/封面.pdf | 封面 OCR：高分辨率定向候选 1/3（top_crop_remove_red_seal）完成，耗时 1.8 秒，识别 12 行。
文件：huishan/高标田原始数据/高标田数据/前洲/1.2022年前洲街道惠澄大道东侧杨家圩村中圩片区高标准农田建设项目/投标文件1/江苏省水利建设工程有限公司/第一信封/封面.pdf | 封面 OCR：高分辨率定向候选 2/3（bottom_crop_remove_red_seal）开始。
文件：huishan/高标田原始数据/高标田数据/前洲/1.2022年前洲街道惠澄大道东侧杨家圩村中圩片区高标准农田建设项目/投标文件1/江苏省水利建设工程有限公司/第一信封/封面.pdf | 封面 OCR：高分辨率定向候选 2/3（bottom_crop_remove_red_seal）完成，耗时 0.9 秒，识别 9 行。
文件：huishan/高标田原始数据/高标田数据/前洲/1.2022年前洲街道惠澄大道东侧杨家圩村中圩片区高标准农田建设项目/投标文件1/江苏省水利建设工程有限公司/第一信封/封面.pdf | 封面 OCR：高分辨率定向候选 3/3（company_crop_red_channel）开始。
文件：huishan/高标田原始数据/高标田数据/前洲/1.2022年前洲街道惠澄大道东侧杨家圩村中圩片区高标准农田建设项目/投标文件1/江苏省水利建设工程有限公司/第一信封/封面.pdf | 封面 OCR：高分辨率定向候选 3/3（company_crop_red_channel）完成，耗时 0.4 秒，识别 6 行。
文件：huishan/高标田原始数据/高标田数据/前洲/1.2022年前洲街道惠澄大道东侧杨家圩村中圩片区高标准农田建设项目/投标文件1/江苏省水利建设工程有限公司/第一信封/封面.pdf | 封面 OCR：第1页完成，候选 5 个，总耗时 5.9 秒。
[#-------------------] 7/193 (4%) 完成 7/193 | 类别 tender_cover | 页数 1 | OCR 页 [1] | 记录 1 | 状态 待复核
[#-------------------] 7/193 (4%) 处理中 8/193 | 类别 tender_cover 5/118 | 文件：huishan/高标田原始数据/高标田数据/前洲/1.2022年前洲街道惠澄大道东侧杨家圩村中圩片区高标准农田建设项目/投标文件1/江苏祥通建设有限公司/第一信封/封面.pdf
文件：huishan/高标田原始数据/高标田数据/前洲/1.2022年前洲街道惠澄大道东侧杨家圩村中圩片区高标准农田建设项目/投标文件1/江苏祥通建设有限公司/第一信封/封面.pdf | 封面 OCR：基础候选 1/2（original）开始。
文件：huishan/高标田原始数据/高标田数据/前洲/1.2022年前洲街道惠澄大道东侧杨家圩村中圩片区高标准农田建设项目/投标文件1/江苏祥通建设有限公司/第一信封/封面.pdf | 封面 OCR：基础候选 1/2（original）完成，耗时 1.0 秒，识别 16 行。
文件：huishan/高标田原始数据/高标田数据/前洲/1.2022年前洲街道惠澄大道东侧杨家圩村中圩片区高标准农田建设项目/投标文件1/江苏祥通建设有限公司/第一信封/封面.pdf | 封面 OCR：基础候选 2/2（remove_red_seal）开始。
文件：huishan/高标田原始数据/高标田数据/前洲/1.2022年前洲街道惠澄大道东侧杨家圩村中圩片区高标准农田建设项目/投标文件1/江苏祥通建设有限公司/第一信封/封面.pdf | 封面 OCR：基础候选 2/2（remove_red_seal）完成，耗时 1.0 秒，识别 12 行。
文件：huishan/高标田原始数据/高标田数据/前洲/1.2022年前洲街道惠澄大道东侧杨家圩村中圩片区高标准农田建设项目/投标文件1/江苏祥通建设有限公司/第一信封/封面.pdf | 封面 OCR：第1页完成，候选 2 个，总耗时 2.6 秒。
[#-------------------] 8/193 (4%) 完成 8/193 | 类别 tender_cover | 页数 1 | OCR 页 [1] | 记录 1 | 状态 待复核
[#-------------------] 8/193 (4%) 处理中 9/193 | 类别 tender_cover 6/118 | 文件：huishan/高标田原始数据/高标田数据/前洲/1.2022年前洲街道惠澄大道东侧杨家圩村中圩片区高标准农田建设项目/投标文件1/江苏远程环境科技有限公司/第一信封/封面.pdf
文件：huishan/高标田原始数据/高标田数据/前洲/1.2022年前洲街道惠澄大道东侧杨家圩村中圩片区高标准农田建设项目/投标文件1/江苏远程环境科技有限公司/第一信封/封面.pdf | 封面 OCR：基础候选 1/2（original）开始。
文件：huishan/高标田原始数据/高标田数据/前洲/1.2022年前洲街道惠澄大道东侧杨家圩村中圩片区高标准农田建设项目/投标文件1/江苏远程环境科技有限公司/第一信封/封面.pdf | 封面 OCR：基础候选 1/2（original）完成，耗时 0.8 秒，识别 6 行。
文件：huishan/高标田原始数据/高标田数据/前洲/1.2022年前洲街道惠澄大道东侧杨家圩村中圩片区高标准农田建设项目/投标文件1/江苏远程环境科技有限公司/第一信封/封面.pdf | 封面 OCR：基础候选 2/2（remove_red_seal）开始。
文件：huishan/高标田原始数据/高标田数据/前洲/1.2022年前洲街道惠澄大道东侧杨家圩村中圩片区高标准农田建设项目/投标文件1/江苏远程环境科技有限公司/第一信封/封面.pdf | 封面 OCR：基础候选 2/2（remove_red_seal）完成，耗时 0.7 秒，识别 6 行。
文件：huishan/高标田原始数据/高标田数据/前洲/1.2022年前洲街道惠澄大道东侧杨家圩村中圩片区高标准农田建设项目/投标文件1/江苏远程环境科技有限公司/第一信封/封面.pdf | 封面 OCR：第1页完成，候选 2 个，总耗时 2.2 秒。
[#-------------------] 9/193 (5%) 完成 9/193 | 类别 tender_cover | 页数 1 | OCR 页 [1] | 记录 1 | 状态 待复核
[#-------------------] 9/193 (5%) 处理中 10/193 | 类别 tender_cover 7/118 | 文件：huishan/高标田原始数据/高标田数据/前洲/1.2022年前洲街道惠澄大道东侧杨家圩村中圩片区高标准农田建设项目/投标文件1/江阴市璜塘水利工程有限公司/第一信封/封面.pdf
文件：huishan/高标田原始数据/高标田数据/前洲/1.2022年前洲街道惠澄大道东侧杨家圩村中圩片区高标准农田建设项目/投标文件1/江阴市璜塘水利工程有限公司/第一信封/封面.pdf | 封面 OCR：基础候选 1/2（original）开始。
文件：huishan/高标田原始数据/高标田数据/前洲/1.2022年前洲街道惠澄大道东侧杨家圩村中圩片区高标准农田建设项目/投标文件1/江阴市璜塘水利工程有限公司/第一信封/封面.pdf | 封面 OCR：基础候选 1/2（original）完成，耗时 1.0 秒，识别 18 行。
文件：huishan/高标田原始数据/高标田数据/前洲/1.2022年前洲街道惠澄大道东侧杨家圩村中圩片区高标准农田建设项目/投标文件1/江阴市璜塘水利工程有限公司/第一信封/封面.pdf | 封面 OCR：基础候选 2/2（remove_red_seal）开始。
文件：huishan/高标田原始数据/高标田数据/前洲/1.2022年前洲街道惠澄大道东侧杨家圩村中圩片区高标准农田建设项目/投标文件1/江阴市璜塘水利工程有限公司/第一信封/封面.pdf | 封面 OCR：基础候选 2/2（remove_red_seal）完成，耗时 1.0 秒，识别 17 行。
文件：huishan/高标田原始数据/高标田数据/前洲/1.2022年前洲街道惠澄大道东侧杨家圩村中圩片区高标准农田建设项目/投标文件1/江阴市璜塘水利工程有限公司/第一信封/封面.pdf | 封面 OCR：基础候选质量不足，启动 375 DPI 定向重试（3 个候选）。
文件：huishan/高标田原始数据/高标田数据/前洲/1.2022年前洲街道惠澄大道东侧杨家圩村中圩片区高标准农田建设项目/投标文件1/江阴市璜塘水利工程有限公司/第一信封/封面.pdf | 封面 OCR：高分辨率定向候选 1/3（top_crop_remove_red_seal）开始。
文件：huishan/高标田原始数据/高标田数据/前洲/1.2022年前洲街道惠澄大道东侧杨家圩村中圩片区高标准农田建设项目/投标文件1/江阴市璜塘水利工程有限公司/第一信封/封面.pdf | 封面 OCR：高分辨率定向候选 1/3（top_crop_remove_red_seal）完成，耗时 1.6 秒，识别 12 行。
文件：huishan/高标田原始数据/高标田数据/前洲/1.2022年前洲街道惠澄大道东侧杨家圩村中圩片区高标准农田建设项目/投标文件1/江阴市璜塘水利工程有限公司/第一信封/封面.pdf | 封面 OCR：高分辨率定向候选 2/3（bottom_crop_remove_red_seal）开始。
文件：huishan/高标田原始数据/高标田数据/前洲/1.2022年前洲街道惠澄大道东侧杨家圩村中圩片区高标准农田建设项目/投标文件1/江阴市璜塘水利工程有限公司/第一信封/封面.pdf | 封面 OCR：高分辨率定向候选 2/3（bottom_crop_remove_red_seal）完成，耗时 0.9 秒，识别 14 行。
文件：huishan/高标田原始数据/高标田数据/前洲/1.2022年前洲街道惠澄大道东侧杨家圩村中圩片区高标准农田建设项目/投标文件1/江阴市璜塘水利工程有限公司/第一信封/封面.pdf | 封面 OCR：高分辨率定向候选 3/3（company_crop_red_channel）开始。
文件：huishan/高标田原始数据/高标田数据/前洲/1.2022年前洲街道惠澄大道东侧杨家圩村中圩片区高标准农田建设项目/投标文件1/江阴市璜塘水利工程有限公司/第一信封/封面.pdf | 封面 OCR：高分辨率定向候选 3/3（company_crop_red_channel）完成，耗时 0.5 秒，识别 7 行。
文件：huishan/高标田原始数据/高标田数据/前洲/1.2022年前洲街道惠澄大道东侧杨家圩村中圩片区高标准农田建设项目/投标文件1/江阴市璜塘水利工程有限公司/第一信封/封面.pdf | 封面 OCR：第1页完成，候选 5 个，总耗时 6.8 秒。
[#-------------------] 10/193 (5%) 完成 10/193 | 类别 tender_cover | 页数 1 | OCR 页 [1] | 记录 1 | 状态 待复核
[#-------------------] 10/193 (5%) 处理中 11/193 | 类别 tender_cover 8/118 | 文件：huishan/高标田原始数据/高标田数据/前洲/1.2022年前洲街道惠澄大道东侧杨家圩村中圩片区高标准农田建设项目/投标文件1/滨海县水利建筑工程总公司/第一信封/封面.pdf
文件：huishan/高标田原始数据/高标田数据/前洲/1.2022年前洲街道惠澄大道东侧杨家圩村中圩片区高标准农田建设项目/投标文件1/滨海县水利建筑工程总公司/第一信封/封面.pdf | 封面 OCR：基础候选 1/2（original）开始。
文件：huishan/高标田原始数据/高标田数据/前洲/1.2022年前洲街道惠澄大道东侧杨家圩村中圩片区高标准农田建设项目/投标文件1/滨海县水利建筑工程总公司/第一信封/封面.pdf | 封面 OCR：基础候选 1/2（original）完成，耗时 1.0 秒，识别 13 行。
文件：huishan/高标田原始数据/高标田数据/前洲/1.2022年前洲街道惠澄大道东侧杨家圩村中圩片区高标准农田建设项目/投标文件1/滨海县水利建筑工程总公司/第一信封/封面.pdf | 封面 OCR：基础候选 2/2（remove_red_seal）开始。
文件：huishan/高标田原始数据/高标田数据/前洲/1.2022年前洲街道惠澄大道东侧杨家圩村中圩片区高标准农田建设项目/投标文件1/滨海县水利建筑工程总公司/第一信封/封面.pdf | 封面 OCR：基础候选 2/2（remove_red_seal）完成，耗时 1.1 秒，识别 12 行。
文件：huishan/高标田原始数据/高标田数据/前洲/1.2022年前洲街道惠澄大道东侧杨家圩村中圩片区高标准农田建设项目/投标文件1/滨海县水利建筑工程总公司/第一信封/封面.pdf | 封面 OCR：第1页完成，候选 2 个，总耗时 2.8 秒。
[#-------------------] 11/193 (6%) 完成 11/193 | 类别 tender_cover | 页数 1 | OCR 页 [1] | 记录 1 | 状态 待复核
[#-------------------] 11/193 (6%) 处理中 12/193 | 类别 tender_cover 9/118 | 文件：huishan/高标田原始数据/高标田数据/前洲/1.2022年前洲街道惠澄大道东侧杨家圩村中圩片区高标准农田建设项目/投标文件2/南京河川建设工程有限公司/第一信封/封面.pdf
文件：huishan/高标田原始数据/高标田数据/前洲/1.2022年前洲街道惠澄大道东侧杨家圩村中圩片区高标准农田建设项目/投标文件2/南京河川建设工程有限公司/第一信封/封面.pdf | 封面 OCR：基础候选 1/2（original）开始。
文件：huishan/高标田原始数据/高标田数据/前洲/1.2022年前洲街道惠澄大道东侧杨家圩村中圩片区高标准农田建设项目/投标文件2/南京河川建设工程有限公司/第一信封/封面.pdf | 封面 OCR：基础候选 1/2（original）完成，耗时 1.1 秒，识别 12 行。
文件：huishan/高标田原始数据/高标田数据/前洲/1.2022年前洲街道惠澄大道东侧杨家圩村中圩片区高标准农田建设项目/投标文件2/南京河川建设工程有限公司/第一信封/封面.pdf | 封面 OCR：基础候选 2/2（remove_red_seal）开始。
文件：huishan/高标田原始数据/高标田数据/前洲/1.2022年前洲街道惠澄大道东侧杨家圩村中圩片区高标准农田建设项目/投标文件2/南京河川建设工程有限公司/第一信封/封面.pdf | 封面 OCR：基础候选 2/2（remove_red_seal）完成，耗时 1.1 秒，识别 9 行。
文件：huishan/高标田原始数据/高标田数据/前洲/1.2022年前洲街道惠澄大道东侧杨家圩村中圩片区高标准农田建设项目/投标文件2/南京河川建设工程有限公司/第一信封/封面.pdf | 封面 OCR：基础候选质量不足，启动 375 DPI 定向重试（3 个候选）。
文件：huishan/高标田原始数据/高标田数据/前洲/1.2022年前洲街道惠澄大道东侧杨家圩村中圩片区高标准农田建设项目/投标文件2/南京河川建设工程有限公司/第一信封/封面.pdf | 封面 OCR：高分辨率定向候选 1/3（top_crop_remove_red_seal）开始。
文件：huishan/高标田原始数据/高标田数据/前洲/1.2022年前洲街道惠澄大道东侧杨家圩村中圩片区高标准农田建设项目/投标文件2/南京河川建设工程有限公司/第一信封/封面.pdf | 封面 OCR：高分辨率定向候选 1/3（top_crop_remove_red_seal）完成，耗时 1.7 秒，识别 10 行。
文件：huishan/高标田原始数据/高标田数据/前洲/1.2022年前洲街道惠澄大道东侧杨家圩村中圩片区高标准农田建设项目/投标文件2/南京河川建设工程有限公司/第一信封/封面.pdf | 封面 OCR：高分辨率定向候选 2/3（bottom_crop_remove_red_seal）开始。
文件：huishan/高标田原始数据/高标田数据/前洲/1.2022年前洲街道惠澄大道东侧杨家圩村中圩片区高标准农田建设项目/投标文件2/南京河川建设工程有限公司/第一信封/封面.pdf | 封面 OCR：高分辨率定向候选 2/3（bottom_crop_remove_red_seal）完成，耗时 1.0 秒，识别 6 行。
文件：huishan/高标田原始数据/高标田数据/前洲/1.2022年前洲街道惠澄大道东侧杨家圩村中圩片区高标准农田建设项目/投标文件2/南京河川建设工程有限公司/第一信封/封面.pdf | 封面 OCR：高分辨率定向候选 3/3（company_crop_red_channel）开始。
文件：huishan/高标田原始数据/高标田数据/前洲/1.2022年前洲街道惠澄大道东侧杨家圩村中圩片区高标准农田建设项目/投标文件2/南京河川建设工程有限公司/第一信封/封面.pdf | 封面 OCR：高分辨率定向候选 3/3（company_crop_red_channel）完成，耗时 0.3 秒，识别 1 行。
文件：huishan/高标田原始数据/高标田数据/前洲/1.2022年前洲街道惠澄大道东侧杨家圩村中圩片区高标准农田建设项目/投标文件2/南京河川建设工程有限公司/第一信封/封面.pdf | 封面 OCR：第1页完成，候选 5 个，总耗时 8.0 秒。
[#-------------------] 12/193 (6%) 完成 12/193 | 类别 tender_cover | 页数 2 | OCR 页 [1] | 记录 1 | 状态 待复核
[#-------------------] 12/193 (6%) 处理中 13/193 | 类别 tender_cover 10/118 | 文件：huishan/高标田原始数据/高标田数据/前洲/1.2022年前洲街道惠澄大道东侧杨家圩村中圩片区高标准农田建设项目/投标文件2/山东水利建设集团有限公司/第一信封/封面.pdf
文件：huishan/高标田原始数据/高标田数据/前洲/1.2022年前洲街道惠澄大道东侧杨家圩村中圩片区高标准农田建设项目/投标文件2/山东水利建设集团有限公司/第一信封/封面.pdf | 封面 OCR：基础候选 1/2（original）开始。
文件：huishan/高标田原始数据/高标田数据/前洲/1.2022年前洲街道惠澄大道东侧杨家圩村中圩片区高标准农田建设项目/投标文件2/山东水利建设集团有限公司/第一信封/封面.pdf | 封面 OCR：基础候选 1/2（original）完成，耗时 0.8 秒，识别 14 行。
文件：huishan/高标田原始数据/高标田数据/前洲/1.2022年前洲街道惠澄大道东侧杨家圩村中圩片区高标准农田建设项目/投标文件2/山东水利建设集团有限公司/第一信封/封面.pdf | 封面 OCR：基础候选 2/2（remove_red_seal）开始。
文件：huishan/高标田原始数据/高标田数据/前洲/1.2022年前洲街道惠澄大道东侧杨家圩村中圩片区高标准农田建设项目/投标文件2/山东水利建设集团有限公司/第一信封/封面.pdf | 封面 OCR：基础候选 2/2（remove_red_seal）完成，耗时 1.0 秒，识别 14 行。
文件：huishan/高标田原始数据/高标田数据/前洲/1.2022年前洲街道惠澄大道东侧杨家圩村中圩片区高标准农田建设项目/投标文件2/山东水利建设集团有限公司/第一信封/封面.pdf | 封面 OCR：第1页完成，候选 2 个，总耗时 2.6 秒。
[#-------------------] 13/193 (7%) 完成 13/193 | 类别 tender_cover | 页数 1 | OCR 页 [1] | 记录 1 | 状态 待复核
[#-------------------] 13/193 (7%) 处理中 14/193 | 类别 tender_cover 11/118 | 文件：huishan/高标田原始数据/高标田数据/前洲/1.2022年前洲街道惠澄大道东侧杨家圩村中圩片区高标准农田建设项目/投标文件2/扬州水利建筑工程有限责任公司/第一信封/封面.pdf
文件：huishan/高标田原始数据/高标田数据/前洲/1.2022年前洲街道惠澄大道东侧杨家圩村中圩片区高标准农田建设项目/投标文件2/扬州水利建筑工程有限责任公司/第一信封/封面.pdf | 封面 OCR：基础候选 1/2（original）开始。
文件：huishan/高标田原始数据/高标田数据/前洲/1.2022年前洲街道惠澄大道东侧杨家圩村中圩片区高标准农田建设项目/投标文件2/扬州水利建筑工程有限责任公司/第一信封/封面.pdf | 封面 OCR：基础候选 1/2（original）完成，耗时 1.0 秒，识别 14 行。
文件：huishan/高标田原始数据/高标田数据/前洲/1.2022年前洲街道惠澄大道东侧杨家圩村中圩片区高标准农田建设项目/投标文件2/扬州水利建筑工程有限责任公司/第一信封/封面.pdf | 封面 OCR：基础候选 2/2（remove_red_seal）开始。
文件：huishan/高标田原始数据/高标田数据/前洲/1.2022年前洲街道惠澄大道东侧杨家圩村中圩片区高标准农田建设项目/投标文件2/扬州水利建筑工程有限责任公司/第一信封/封面.pdf | 封面 OCR：基础候选 2/2（remove_red_seal）完成，耗时 1.1 秒，识别 13 行。
文件：huishan/高标田原始数据/高标田数据/前洲/1.2022年前洲街道惠澄大道东侧杨家圩村中圩片区高标准农田建设项目/投标文件2/扬州水利建筑工程有限责任公司/第一信封/封面.pdf | 封面 OCR：第1页完成，候选 2 个，总耗时 2.8 秒。
[#-------------------] 14/193 (7%) 完成 14/193 | 类别 tender_cover | 页数 1 | OCR 页 [1] | 记录 1 | 状态 待复核
[#-------------------] 14/193 (7%) 处理中 15/193 | 类别 tender_cover 12/118 | 文件：huishan/高标田原始数据/高标田数据/前洲/1.2022年前洲街道惠澄大道东侧杨家圩村中圩片区高标准农田建设项目/投标文件2/无锡生量环境工程有限公司/第一信封/封面.pdf
Traceback (most recent call last):
  File "/home/wisdi/projects/bidding_files_utils/bidding_files_extraction/main.py", line 110, in <module>
    raise SystemExit(main())
  File "/home/wisdi/projects/bidding_files_utils/bidding_files_extraction/main.py", line 91, in main
    summary = process_pdf_tree(
  File "/home/wisdi/projects/bidding_files_utils/bidding_files_extraction/bidding_ocr/pipeline.py", line 309, in process_pdf_tree
    document, warnings = process_single_pdf(
  File "/home/wisdi/projects/bidding_files_utils/bidding_files_extraction/bidding_ocr/pipeline.py", line 472, in process_single_pdf
    pages, page_warnings = load_pages_for_category(engine, category, config)
  File "/home/wisdi/projects/bidding_files_utils/bidding_files_extraction/bidding_ocr/pipeline.py", line 512, in load_pages_for_category
    return _load_tender_cover_pages(engine, page_numbers, config.dpi)
  File "/home/wisdi/projects/bidding_files_utils/bidding_files_extraction/bidding_ocr/pipeline.py", line 535, in _load_tender_cover_pages
    pages.append(engine.get_tender_cover_page(page_number, dpi))
  File "/home/wisdi/projects/bidding_files_utils/bidding_files_extraction/bidding_ocr/pdf_engine.py", line 427, in get_tender_cover_page
    self._recognize_cover_variants(
  File "/home/wisdi/projects/bidding_files_utils/bidding_files_extraction/bidding_ocr/pdf_engine.py", line 497, in _recognize_cover_variants
    variants = build_cover_image_variants(image, include_top_crop, retry_only)
  File "/home/wisdi/projects/bidding_files_utils/bidding_files_extraction/bidding_ocr/tender_cover_strategy.py", line 225, in build_cover_image_variants
    seal_removed = remove_red_seal(image)
  File "/home/wisdi/projects/bidding_files_utils/bidding_files_extraction/bidding_ocr/tender_cover_strategy.py", line 133, in remove_red_seal
    & ((red_channel.astype(int) - blue_channel.astype(int)) > 25)
KeyboardInterrupt
