扫描 PDF 3053 个，识别 193 个，未识别跳过 2860 个，分类预检失败 0 个，筛选后待处理 193 个；类别：tender_cover, bid_evaluation_report, bid_candidates, award_notice, bid_announcement, bid_list, archive_info。
并行处理完成 1/193 个 PDF。
[0;93m2026-07-15 16:26:05.553125673 [W:onnxruntime:Default, device_discovery.cc:164 DiscoverDevicesForPlatform] GPU device discovery failed: device_discovery.cc:89 ReadFileContents Failed to open file: "/sys/class/drm/card0/device/vendor"[m
并行处理完成 2/193 个 PDF。
[0;93m2026-07-15 16:26:05.983117775 [W:onnxruntime:Default, device_discovery.cc:164 DiscoverDevicesForPlatform] GPU device discovery failed: device_discovery.cc:89 ReadFileContents Failed to open file: "/sys/class/drm/card0/device/vendor"[m
[0;93m2026-07-15 16:26:06.133694171 [W:onnxruntime:Default, device_discovery.cc:164 DiscoverDevicesForPlatform] GPU device discovery failed: device_discovery.cc:89 ReadFileContents Failed to open file: "/sys/class/drm/card0/device/vendor"[m
[0;93m2026-07-15 16:26:06.495945058 [W:onnxruntime:Default, device_discovery.cc:164 DiscoverDevicesForPlatform] GPU device discovery failed: device_discovery.cc:89 ReadFileContents Failed to open file: "/sys/class/drm/card0/device/vendor"[m
并行处理完成 3/193 个 PDF。
并行处理完成 4/193 个 PDF。
并行处理完成 5/193 个 PDF。
并行处理完成 6/193 个 PDF。
并行处理完成 7/193 个 PDF。
并行处理完成 8/193 个 PDF。
并行处理完成 9/193 个 PDF。
并行处理完成 10/193 个 PDF。
并行处理完成 11/193 个 PDF。
并行处理完成 12/193 个 PDF。
并行处理完成 13/193 个 PDF。
并行处理完成 14/193 个 PDF。
并行处理完成 15/193 个 PDF。
并行处理完成 16/193 个 PDF。
并行处理完成 17/193 个 PDF。
并行处理完成 18/193 个 PDF。
并行处理完成 19/193 个 PDF。
并行处理完成 20/193 个 PDF。
并行处理完成 21/193 个 PDF。
并行处理完成 22/193 个 PDF。
并行处理完成 23/193 个 PDF。
并行处理完成 24/193 个 PDF。
并行处理完成 25/193 个 PDF。
并行处理完成 26/193 个 PDF。
并行处理完成 27/193 个 PDF。
并行处理完成 28/193 个 PDF。
并行处理完成 29/193 个 PDF。
并行处理完成 30/193 个 PDF。
并行处理完成 31/193 个 PDF。
并行处理完成 32/193 个 PDF。
并行处理完成 33/193 个 PDF。
并行处理完成 34/193 个 PDF。
并行处理完成 35/193 个 PDF。
并行处理完成 36/193 个 PDF。
并行处理完成 37/193 个 PDF。
并行处理完成 38/193 个 PDF。
并行处理完成 39/193 个 PDF。
并行处理完成 40/193 个 PDF。
并行处理完成 41/193 个 PDF。
并行处理完成 42/193 个 PDF。
并行处理完成 43/193 个 PDF。
并行处理完成 44/193 个 PDF。
并行处理完成 45/193 个 PDF。
并行处理完成 46/193 个 PDF。
并行处理完成 47/193 个 PDF。
并行处理完成 48/193 个 PDF。
并行处理完成 49/193 个 PDF。
并行处理完成 50/193 个 PDF。
并行处理完成 51/193 个 PDF。
并行处理完成 52/193 个 PDF。
并行处理完成 53/193 个 PDF。
并行处理完成 54/193 个 PDF。
并行处理完成 55/193 个 PDF。
并行处理完成 56/193 个 PDF。
并行处理完成 57/193 个 PDF。
并行处理完成 58/193 个 PDF。
并行处理完成 59/193 个 PDF。
并行处理完成 60/193 个 PDF。
并行处理完成 61/193 个 PDF。
并行处理完成 62/193 个 PDF。
并行处理完成 63/193 个 PDF。
并行处理完成 64/193 个 PDF。
并行处理完成 65/193 个 PDF。
并行处理完成 66/193 个 PDF。
并行处理完成 67/193 个 PDF。
并行处理完成 68/193 个 PDF。
并行处理完成 69/193 个 PDF。
并行处理完成 70/193 个 PDF。
并行处理完成 71/193 个 PDF。
并行处理完成 72/193 个 PDF。
并行处理完成 73/193 个 PDF。
并行处理完成 74/193 个 PDF。
并行处理完成 75/193 个 PDF。
并行处理完成 76/193 个 PDF。
并行处理完成 77/193 个 PDF。
并行处理完成 78/193 个 PDF。
并行处理完成 79/193 个 PDF。
并行处理完成 80/193 个 PDF。
Ignoring wrong pointing object 4090 0 (offset 0)
Ignoring wrong pointing object 4228 0 (offset 0)
并行处理完成 81/193 个 PDF。
并行处理完成 82/193 个 PDF。
并行处理完成 83/193 个 PDF。
并行处理完成 84/193 个 PDF。
并行处理完成 85/193 个 PDF。
并行处理完成 86/193 个 PDF。
并行处理完成 87/193 个 PDF。
并行处理完成 88/193 个 PDF。
并行处理完成 89/193 个 PDF。
并行处理完成 90/193 个 PDF。
并行处理完成 91/193 个 PDF。
并行处理完成 92/193 个 PDF。
并行处理完成 93/193 个 PDF。
并行处理完成 94/193 个 PDF。
并行处理完成 95/193 个 PDF。
并行处理完成 96/193 个 PDF。
并行处理完成 97/193 个 PDF。
并行处理完成 98/193 个 PDF。
并行处理完成 99/193 个 PDF。
并行处理完成 100/193 个 PDF。
并行处理完成 101/193 个 PDF。
并行处理完成 102/193 个 PDF。
并行处理完成 103/193 个 PDF。
并行处理完成 104/193 个 PDF。
并行处理完成 105/193 个 PDF。
并行处理完成 106/193 个 PDF。
并行处理完成 107/193 个 PDF。
Ignoring wrong pointing object 2546 0 (offset 0)
Ignoring wrong pointing object 2581 0 (offset 0)
Ignoring wrong pointing object 2592 0 (offset 0)
Ignoring wrong pointing object 2594 0 (offset 0)
Ignoring wrong pointing object 2596 0 (offset 0)
Ignoring wrong pointing object 2598 0 (offset 0)
Ignoring wrong pointing object 2600 0 (offset 0)
Ignoring wrong pointing object 2602 0 (offset 0)
Ignoring wrong pointing object 2604 0 (offset 0)
Ignoring wrong pointing object 2606 0 (offset 0)
Ignoring wrong pointing object 2608 0 (offset 0)
Ignoring wrong pointing object 2610 0 (offset 0)
Ignoring wrong pointing object 2612 0 (offset 0)
Ignoring wrong pointing object 2614 0 (offset 0)
Ignoring wrong pointing object 2616 0 (offset 0)
Ignoring wrong pointing object 2618 0 (offset 0)
Ignoring wrong pointing object 2620 0 (offset 0)
Ignoring wrong pointing object 2622 0 (offset 0)
Ignoring wrong pointing object 2624 0 (offset 0)
Ignoring wrong pointing object 2626 0 (offset 0)
Ignoring wrong pointing object 2628 0 (offset 0)
Ignoring wrong pointing object 2630 0 (offset 0)
Ignoring wrong pointing object 2632 0 (offset 0)
Ignoring wrong pointing object 2634 0 (offset 0)
Ignoring wrong pointing object 2636 0 (offset 0)
Ignoring wrong pointing object 2638 0 (offset 0)
Ignoring wrong pointing object 2640 0 (offset 0)
Ignoring wrong pointing object 2642 0 (offset 0)
Ignoring wrong pointing object 2644 0 (offset 0)
Ignoring wrong pointing object 2646 0 (offset 0)
Ignoring wrong pointing object 2648 0 (offset 0)
Ignoring wrong pointing object 2650 0 (offset 0)
Ignoring wrong pointing object 2652 0 (offset 0)
Ignoring wrong pointing object 2654 0 (offset 0)
Ignoring wrong pointing object 2656 0 (offset 0)
Ignoring wrong pointing object 2658 0 (offset 0)
Ignoring wrong pointing object 2660 0 (offset 0)
Ignoring wrong pointing object 2662 0 (offset 0)
Ignoring wrong pointing object 2664 0 (offset 0)
Ignoring wrong pointing object 2666 0 (offset 0)
Ignoring wrong pointing object 2668 0 (offset 0)
Ignoring wrong pointing object 2670 0 (offset 0)
Ignoring wrong pointing object 2672 0 (offset 0)
Ignoring wrong pointing object 2674 0 (offset 0)
Ignoring wrong pointing object 2676 0 (offset 0)
Ignoring wrong pointing object 2678 0 (offset 0)
Ignoring wrong pointing object 2680 0 (offset 0)
Ignoring wrong pointing object 2682 0 (offset 0)
Ignoring wrong pointing object 2684 0 (offset 0)
Ignoring wrong pointing object 2686 0 (offset 0)
Ignoring wrong pointing object 2688 0 (offset 0)
Ignoring wrong pointing object 2690 0 (offset 0)
Ignoring wrong pointing object 2692 0 (offset 0)
Ignoring wrong pointing object 2694 0 (offset 0)
Ignoring wrong pointing object 2696 0 (offset 0)
Ignoring wrong pointing object 2698 0 (offset 0)
Ignoring wrong pointing object 2700 0 (offset 0)
Ignoring wrong pointing object 2702 0 (offset 0)
Ignoring wrong pointing object 2704 0 (offset 0)
Ignoring wrong pointing object 2706 0 (offset 0)
Ignoring wrong pointing object 2708 0 (offset 0)
Ignoring wrong pointing object 2710 0 (offset 0)
Ignoring wrong pointing object 2712 0 (offset 0)
Ignoring wrong pointing object 2714 0 (offset 0)
Ignoring wrong pointing object 2716 0 (offset 0)
Ignoring wrong pointing object 2718 0 (offset 0)
Ignoring wrong pointing object 2720 0 (offset 0)
Ignoring wrong pointing object 2722 0 (offset 0)
Ignoring wrong pointing object 2724 0 (offset 0)
Ignoring wrong pointing object 2726 0 (offset 0)
Ignoring wrong pointing object 2728 0 (offset 0)
Ignoring wrong pointing object 2730 0 (offset 0)
Ignoring wrong pointing object 2732 0 (offset 0)
Ignoring wrong pointing object 2734 0 (offset 0)
Ignoring wrong pointing object 2736 0 (offset 0)
Ignoring wrong pointing object 2738 0 (offset 0)
Ignoring wrong pointing object 2740 0 (offset 0)
Ignoring wrong pointing object 2742 0 (offset 0)
Ignoring wrong pointing object 2744 0 (offset 0)
Ignoring wrong pointing object 2746 0 (offset 0)
Ignoring wrong pointing object 2748 0 (offset 0)
Ignoring wrong pointing object 2750 0 (offset 0)
Ignoring wrong pointing object 2752 0 (offset 0)
Ignoring wrong pointing object 2754 0 (offset 0)
Ignoring wrong pointing object 2756 0 (offset 0)
Ignoring wrong pointing object 2758 0 (offset 0)
Ignoring wrong pointing object 2760 0 (offset 0)
Ignoring wrong pointing object 2762 0 (offset 0)
Ignoring wrong pointing object 2764 0 (offset 0)
Ignoring wrong pointing object 2766 0 (offset 0)
Ignoring wrong pointing object 2768 0 (offset 0)
Ignoring wrong pointing object 2770 0 (offset 0)
Ignoring wrong pointing object 2772 0 (offset 0)
Ignoring wrong pointing object 2774 0 (offset 0)
Ignoring wrong pointing object 2776 0 (offset 0)
Ignoring wrong pointing object 2778 0 (offset 0)
Ignoring wrong pointing object 2780 0 (offset 0)
Ignoring wrong pointing object 2782 0 (offset 0)
Ignoring wrong pointing object 2784 0 (offset 0)
Ignoring wrong pointing object 2786 0 (offset 0)
Ignoring wrong pointing object 2788 0 (offset 0)
Ignoring wrong pointing object 2790 0 (offset 0)
Ignoring wrong pointing object 2792 0 (offset 0)
Ignoring wrong pointing object 2794 0 (offset 0)
Ignoring wrong pointing object 2796 0 (offset 0)
Ignoring wrong pointing object 2798 0 (offset 0)
Ignoring wrong pointing object 2800 0 (offset 0)
Ignoring wrong pointing object 2802 0 (offset 0)
Ignoring wrong pointing object 2804 0 (offset 0)
Ignoring wrong pointing object 2806 0 (offset 0)
Ignoring wrong pointing object 2808 0 (offset 0)
Ignoring wrong pointing object 2810 0 (offset 0)
Ignoring wrong pointing object 2812 0 (offset 0)
Ignoring wrong pointing object 2819 0 (offset 0)
Ignoring wrong pointing object 2821 0 (offset 0)
Ignoring wrong pointing object 2823 0 (offset 0)
Ignoring wrong pointing object 2825 0 (offset 0)
Ignoring wrong pointing object 2827 0 (offset 0)
Ignoring wrong pointing object 2829 0 (offset 0)
Ignoring wrong pointing object 2831 0 (offset 0)
Ignoring wrong pointing object 2833 0 (offset 0)
Ignoring wrong pointing object 2835 0 (offset 0)
Ignoring wrong pointing object 2837 0 (offset 0)
Ignoring wrong pointing object 2839 0 (offset 0)
Ignoring wrong pointing object 2841 0 (offset 0)
Ignoring wrong pointing object 2843 0 (offset 0)
Ignoring wrong pointing object 2845 0 (offset 0)
Ignoring wrong pointing object 2847 0 (offset 0)
Ignoring wrong pointing object 2849 0 (offset 0)
Ignoring wrong pointing object 2851 0 (offset 0)
Ignoring wrong pointing object 2853 0 (offset 0)
Ignoring wrong pointing object 2855 0 (offset 0)
Ignoring wrong pointing object 2857 0 (offset 0)
Ignoring wrong pointing object 2859 0 (offset 0)
Ignoring wrong pointing object 2861 0 (offset 0)
Ignoring wrong pointing object 2863 0 (offset 0)
Ignoring wrong pointing object 2865 0 (offset 0)
Ignoring wrong pointing object 2867 0 (offset 0)
Ignoring wrong pointing object 2869 0 (offset 0)
Ignoring wrong pointing object 2871 0 (offset 0)
Ignoring wrong pointing object 2873 0 (offset 0)
Ignoring wrong pointing object 2875 0 (offset 0)
Ignoring wrong pointing object 2877 0 (offset 0)
Ignoring wrong pointing object 2879 0 (offset 0)
Ignoring wrong pointing object 2881 0 (offset 0)
Ignoring wrong pointing object 2883 0 (offset 0)
Ignoring wrong pointing object 2885 0 (offset 0)
Ignoring wrong pointing object 2887 0 (offset 0)
Ignoring wrong pointing object 2889 0 (offset 0)
Ignoring wrong pointing object 2891 0 (offset 0)
Ignoring wrong pointing object 2893 0 (offset 0)
Ignoring wrong pointing object 2895 0 (offset 0)
Ignoring wrong pointing object 2897 0 (offset 0)
Ignoring wrong pointing object 2899 0 (offset 0)
Ignoring wrong pointing object 2901 0 (offset 0)
Ignoring wrong pointing object 2903 0 (offset 0)
Ignoring wrong pointing object 2905 0 (offset 0)
Ignoring wrong pointing object 2907 0 (offset 0)
Ignoring wrong pointing object 2909 0 (offset 0)
Ignoring wrong pointing object 2911 0 (offset 0)
Ignoring wrong pointing object 2913 0 (offset 0)
Ignoring wrong pointing object 2915 0 (offset 0)
Ignoring wrong pointing object 2917 0 (offset 0)
Ignoring wrong pointing object 2919 0 (offset 0)
Ignoring wrong pointing object 2921 0 (offset 0)
Ignoring wrong pointing object 2923 0 (offset 0)
Ignoring wrong pointing object 2925 0 (offset 0)
Ignoring wrong pointing object 2927 0 (offset 0)
Ignoring wrong pointing object 2929 0 (offset 0)
Ignoring wrong pointing object 2931 0 (offset 0)
Ignoring wrong pointing object 2933 0 (offset 0)
Ignoring wrong pointing object 2935 0 (offset 0)
Ignoring wrong pointing object 2937 0 (offset 0)
Ignoring wrong pointing object 2939 0 (offset 0)
Ignoring wrong pointing object 2941 0 (offset 0)
Ignoring wrong pointing object 2943 0 (offset 0)
Ignoring wrong pointing object 2945 0 (offset 0)
Ignoring wrong pointing object 2947 0 (offset 0)
Ignoring wrong pointing object 2949 0 (offset 0)
Ignoring wrong pointing object 2951 0 (offset 0)
Ignoring wrong pointing object 2953 0 (offset 0)
Ignoring wrong pointing object 2955 0 (offset 0)
Ignoring wrong pointing object 2957 0 (offset 0)
Ignoring wrong pointing object 2959 0 (offset 0)
Ignoring wrong pointing object 2961 0 (offset 0)
Ignoring wrong pointing object 2963 0 (offset 0)
Ignoring wrong pointing object 2965 0 (offset 0)
Ignoring wrong pointing object 2967 0 (offset 0)
Ignoring wrong pointing object 2969 0 (offset 0)
Ignoring wrong pointing object 2971 0 (offset 0)
Ignoring wrong pointing object 2973 0 (offset 0)
Ignoring wrong pointing object 2975 0 (offset 0)
Ignoring wrong pointing object 2977 0 (offset 0)
Ignoring wrong pointing object 2979 0 (offset 0)
Ignoring wrong pointing object 2981 0 (offset 0)
Ignoring wrong pointing object 2983 0 (offset 0)
Ignoring wrong pointing object 2985 0 (offset 0)
Ignoring wrong pointing object 2987 0 (offset 0)
Ignoring wrong pointing object 2989 0 (offset 0)
Ignoring wrong pointing object 2991 0 (offset 0)
Ignoring wrong pointing object 2993 0 (offset 0)
Ignoring wrong pointing object 2995 0 (offset 0)
Ignoring wrong pointing object 2997 0 (offset 0)
Ignoring wrong pointing object 2999 0 (offset 0)
Ignoring wrong pointing object 3001 0 (offset 0)
Ignoring wrong pointing object 3003 0 (offset 0)
Ignoring wrong pointing object 3005 0 (offset 0)
Ignoring wrong pointing object 3007 0 (offset 0)
Ignoring wrong pointing object 3009 0 (offset 0)
Ignoring wrong pointing object 3011 0 (offset 0)
Ignoring wrong pointing object 3013 0 (offset 0)
Ignoring wrong pointing object 3015 0 (offset 0)
Ignoring wrong pointing object 3017 0 (offset 0)
Ignoring wrong pointing object 3019 0 (offset 0)
Ignoring wrong pointing object 3021 0 (offset 0)
Ignoring wrong pointing object 3023 0 (offset 0)
Ignoring wrong pointing object 3025 0 (offset 0)
Ignoring wrong pointing object 3027 0 (offset 0)
Ignoring wrong pointing object 3029 0 (offset 0)
Ignoring wrong pointing object 3031 0 (offset 0)
Ignoring wrong pointing object 3033 0 (offset 0)
Ignoring wrong pointing object 3035 0 (offset 0)
Ignoring wrong pointing object 3037 0 (offset 0)
Ignoring wrong pointing object 3039 0 (offset 0)
Ignoring wrong pointing object 3041 0 (offset 0)
Ignoring wrong pointing object 3043 0 (offset 0)
Ignoring wrong pointing object 3045 0 (offset 0)
Ignoring wrong pointing object 3047 0 (offset 0)
Ignoring wrong pointing object 3049 0 (offset 0)
Ignoring wrong pointing object 3051 0 (offset 0)
Ignoring wrong pointing object 3053 0 (offset 0)
Ignoring wrong pointing object 3055 0 (offset 0)
Ignoring wrong pointing object 3057 0 (offset 0)
Ignoring wrong pointing object 3059 0 (offset 0)
Ignoring wrong pointing object 3061 0 (offset 0)
Ignoring wrong pointing object 3063 0 (offset 0)
Ignoring wrong pointing object 3065 0 (offset 0)
Ignoring wrong pointing object 3067 0 (offset 0)
Ignoring wrong pointing object 3069 0 (offset 0)
Ignoring wrong pointing object 3071 0 (offset 0)
Ignoring wrong pointing object 3073 0 (offset 0)
Ignoring wrong pointing object 3075 0 (offset 0)
Ignoring wrong pointing object 3077 0 (offset 0)
Ignoring wrong pointing object 3079 0 (offset 0)
Ignoring wrong pointing object 3081 0 (offset 0)
Ignoring wrong pointing object 3083 0 (offset 0)
Ignoring wrong pointing object 3085 0 (offset 0)
Ignoring wrong pointing object 3087 0 (offset 0)
Ignoring wrong pointing object 3089 0 (offset 0)
Ignoring wrong pointing object 3091 0 (offset 0)
Ignoring wrong pointing object 3093 0 (offset 0)
Ignoring wrong pointing object 3095 0 (offset 0)
Ignoring wrong pointing object 3097 0 (offset 0)
Ignoring wrong pointing object 3099 0 (offset 0)
Ignoring wrong pointing object 3101 0 (offset 0)
Ignoring wrong pointing object 3103 0 (offset 0)
Ignoring wrong pointing object 3105 0 (offset 0)
Ignoring wrong pointing object 3107 0 (offset 0)
Ignoring wrong pointing object 3109 0 (offset 0)
Ignoring wrong pointing object 3111 0 (offset 0)
Ignoring wrong pointing object 3113 0 (offset 0)
Ignoring wrong pointing object 3115 0 (offset 0)
Ignoring wrong pointing object 3117 0 (offset 0)
Ignoring wrong pointing object 3119 0 (offset 0)
Ignoring wrong pointing object 3121 0 (offset 0)
Ignoring wrong pointing object 3123 0 (offset 0)
Ignoring wrong pointing object 3125 0 (offset 0)
Ignoring wrong pointing object 3127 0 (offset 0)
Ignoring wrong pointing object 3129 0 (offset 0)
Ignoring wrong pointing object 3131 0 (offset 0)
Ignoring wrong pointing object 3133 0 (offset 0)
Ignoring wrong pointing object 3135 0 (offset 0)
Ignoring wrong pointing object 3137 0 (offset 0)
Ignoring wrong pointing object 3139 0 (offset 0)
Ignoring wrong pointing object 3141 0 (offset 0)
Ignoring wrong pointing object 3143 0 (offset 0)
Ignoring wrong pointing object 3145 0 (offset 0)
Ignoring wrong pointing object 3147 0 (offset 0)
Ignoring wrong pointing object 3149 0 (offset 0)
Ignoring wrong pointing object 3151 0 (offset 0)
Ignoring wrong pointing object 3153 0 (offset 0)
Ignoring wrong pointing object 3155 0 (offset 0)
Ignoring wrong pointing object 3157 0 (offset 0)
Ignoring wrong pointing object 3159 0 (offset 0)
Ignoring wrong pointing object 3161 0 (offset 0)
Ignoring wrong pointing object 3163 0 (offset 0)
Ignoring wrong pointing object 3165 0 (offset 0)
Ignoring wrong pointing object 3167 0 (offset 0)
Ignoring wrong pointing object 3169 0 (offset 0)
Ignoring wrong pointing object 3171 0 (offset 0)
Ignoring wrong pointing object 3173 0 (offset 0)
Ignoring wrong pointing object 3175 0 (offset 0)
Ignoring wrong pointing object 3177 0 (offset 0)
Ignoring wrong pointing object 3179 0 (offset 0)
Ignoring wrong pointing object 3181 0 (offset 0)
Ignoring wrong pointing object 3183 0 (offset 0)
Ignoring wrong pointing object 3185 0 (offset 0)
Ignoring wrong pointing object 3187 0 (offset 0)
Ignoring wrong pointing object 3189 0 (offset 0)
Ignoring wrong pointing object 3191 0 (offset 0)
Ignoring wrong pointing object 3193 0 (offset 0)
Ignoring wrong pointing object 3195 0 (offset 0)
Ignoring wrong pointing object 3197 0 (offset 0)
Ignoring wrong pointing object 3199 0 (offset 0)
Ignoring wrong pointing object 3201 0 (offset 0)
Ignoring wrong pointing object 3203 0 (offset 0)
Ignoring wrong pointing object 3205 0 (offset 0)
Ignoring wrong pointing object 3207 0 (offset 0)
Ignoring wrong pointing object 3209 0 (offset 0)
Ignoring wrong pointing object 3211 0 (offset 0)
Ignoring wrong pointing object 3213 0 (offset 0)
Ignoring wrong pointing object 3215 0 (offset 0)
Ignoring wrong pointing object 3217 0 (offset 0)
Ignoring wrong pointing object 3219 0 (offset 0)
Ignoring wrong pointing object 3221 0 (offset 0)
Ignoring wrong pointing object 3223 0 (offset 0)
Ignoring wrong pointing object 3225 0 (offset 0)
Ignoring wrong pointing object 3227 0 (offset 0)
Ignoring wrong pointing object 3229 0 (offset 0)
Ignoring wrong pointing object 3231 0 (offset 0)
Ignoring wrong pointing object 3233 0 (offset 0)
Ignoring wrong pointing object 3235 0 (offset 0)
Ignoring wrong pointing object 3237 0 (offset 0)
Ignoring wrong pointing object 3239 0 (offset 0)
Ignoring wrong pointing object 3241 0 (offset 0)
Ignoring wrong pointing object 3243 0 (offset 0)
Ignoring wrong pointing object 3245 0 (offset 0)
Ignoring wrong pointing object 3247 0 (offset 0)
Ignoring wrong pointing object 3249 0 (offset 0)
Ignoring wrong pointing object 3251 0 (offset 0)
Ignoring wrong pointing object 3253 0 (offset 0)
Ignoring wrong pointing object 3255 0 (offset 0)
Ignoring wrong pointing object 3257 0 (offset 0)
Ignoring wrong pointing object 3259 0 (offset 0)
Ignoring wrong pointing object 3261 0 (offset 0)
Ignoring wrong pointing object 3263 0 (offset 0)
Ignoring wrong pointing object 3265 0 (offset 0)
Ignoring wrong pointing object 3267 0 (offset 0)
Ignoring wrong pointing object 3269 0 (offset 0)
Ignoring wrong pointing object 3271 0 (offset 0)
Ignoring wrong pointing object 3273 0 (offset 0)
Ignoring wrong pointing object 3275 0 (offset 0)
Ignoring wrong pointing object 3277 0 (offset 0)
Ignoring wrong pointing object 3279 0 (offset 0)
Ignoring wrong pointing object 3281 0 (offset 0)
Ignoring wrong pointing object 3283 0 (offset 0)
Ignoring wrong pointing object 3285 0 (offset 0)
Ignoring wrong pointing object 3287 0 (offset 0)
Ignoring wrong pointing object 3289 0 (offset 0)
Ignoring wrong pointing object 3291 0 (offset 0)
Ignoring wrong pointing object 3293 0 (offset 0)
Ignoring wrong pointing object 3295 0 (offset 0)
Ignoring wrong pointing object 3297 0 (offset 0)
Ignoring wrong pointing object 3299 0 (offset 0)
Ignoring wrong pointing object 3301 0 (offset 0)
Ignoring wrong pointing object 3303 0 (offset 0)
Ignoring wrong pointing object 3305 0 (offset 0)
Ignoring wrong pointing object 3307 0 (offset 0)
Ignoring wrong pointing object 3309 0 (offset 0)
Ignoring wrong pointing object 3311 0 (offset 0)
Ignoring wrong pointing object 3313 0 (offset 0)
Ignoring wrong pointing object 3315 0 (offset 0)
Ignoring wrong pointing object 3317 0 (offset 0)
Ignoring wrong pointing object 3319 0 (offset 0)
Ignoring wrong pointing object 3321 0 (offset 0)
Ignoring wrong pointing object 3323 0 (offset 0)
Ignoring wrong pointing object 3325 0 (offset 0)
Ignoring wrong pointing object 3327 0 (offset 0)
Ignoring wrong pointing object 3329 0 (offset 0)
Ignoring wrong pointing object 3331 0 (offset 0)
Ignoring wrong pointing object 3333 0 (offset 0)
Ignoring wrong pointing object 3335 0 (offset 0)
Ignoring wrong pointing object 3337 0 (offset 0)
Ignoring wrong pointing object 3339 0 (offset 0)
Ignoring wrong pointing object 3341 0 (offset 0)
Ignoring wrong pointing object 3343 0 (offset 0)
Ignoring wrong pointing object 3345 0 (offset 0)
Ignoring wrong pointing object 3347 0 (offset 0)
Ignoring wrong pointing object 3349 0 (offset 0)
Ignoring wrong pointing object 3351 0 (offset 0)
Ignoring wrong pointing object 3353 0 (offset 0)
Ignoring wrong pointing object 3355 0 (offset 0)
Ignoring wrong pointing object 3357 0 (offset 0)
Ignoring wrong pointing object 3359 0 (offset 0)
Ignoring wrong pointing object 3361 0 (offset 0)
Ignoring wrong pointing object 3363 0 (offset 0)
Ignoring wrong pointing object 3365 0 (offset 0)
Ignoring wrong pointing object 3367 0 (offset 0)
Ignoring wrong pointing object 3369 0 (offset 0)
Ignoring wrong pointing object 3371 0 (offset 0)
Ignoring wrong pointing object 3373 0 (offset 0)
Ignoring wrong pointing object 3375 0 (offset 0)
Ignoring wrong pointing object 3377 0 (offset 0)
Ignoring wrong pointing object 3379 0 (offset 0)
Ignoring wrong pointing object 3381 0 (offset 0)
Ignoring wrong pointing object 3383 0 (offset 0)
Ignoring wrong pointing object 3385 0 (offset 0)
Ignoring wrong pointing object 3387 0 (offset 0)
Ignoring wrong pointing object 3389 0 (offset 0)
Ignoring wrong pointing object 3391 0 (offset 0)
Ignoring wrong pointing object 3393 0 (offset 0)
Ignoring wrong pointing object 3395 0 (offset 0)
Ignoring wrong pointing object 3397 0 (offset 0)
Ignoring wrong pointing object 3399 0 (offset 0)
Ignoring wrong pointing object 3401 0 (offset 0)
Ignoring wrong pointing object 3403 0 (offset 0)
Ignoring wrong pointing object 3405 0 (offset 0)
Ignoring wrong pointing object 3407 0 (offset 0)
Ignoring wrong pointing object 3409 0 (offset 0)
Ignoring wrong pointing object 3411 0 (offset 0)
Ignoring wrong pointing object 3413 0 (offset 0)
Ignoring wrong pointing object 3415 0 (offset 0)
Ignoring wrong pointing object 3417 0 (offset 0)
Ignoring wrong pointing object 3419 0 (offset 0)
Ignoring wrong pointing object 3421 0 (offset 0)
Ignoring wrong pointing object 3423 0 (offset 0)
Ignoring wrong pointing object 3425 0 (offset 0)
Ignoring wrong pointing object 3427 0 (offset 0)
Ignoring wrong pointing object 3429 0 (offset 0)
Ignoring wrong pointing object 3431 0 (offset 0)
Ignoring wrong pointing object 3433 0 (offset 0)
Ignoring wrong pointing object 3435 0 (offset 0)
Ignoring wrong pointing object 3437 0 (offset 0)
Ignoring wrong pointing object 3439 0 (offset 0)
Ignoring wrong pointing object 3441 0 (offset 0)
Ignoring wrong pointing object 3443 0 (offset 0)
Ignoring wrong pointing object 3445 0 (offset 0)
Ignoring wrong pointing object 3447 0 (offset 0)
Ignoring wrong pointing object 3449 0 (offset 0)
Ignoring wrong pointing object 3451 0 (offset 0)
Ignoring wrong pointing object 3453 0 (offset 0)
Ignoring wrong pointing object 3455 0 (offset 0)
Ignoring wrong pointing object 3457 0 (offset 0)
Ignoring wrong pointing object 3459 0 (offset 0)
Ignoring wrong pointing object 3461 0 (offset 0)
Ignoring wrong pointing object 3463 0 (offset 0)
Ignoring wrong pointing object 3465 0 (offset 0)
Ignoring wrong pointing object 3467 0 (offset 0)
Ignoring wrong pointing object 3469 0 (offset 0)
Ignoring wrong pointing object 3471 0 (offset 0)
Ignoring wrong pointing object 3473 0 (offset 0)
Ignoring wrong pointing object 3475 0 (offset 0)
Ignoring wrong pointing object 3477 0 (offset 0)
Ignoring wrong pointing object 3479 0 (offset 0)
Ignoring wrong pointing object 3481 0 (offset 0)
Ignoring wrong pointing object 3483 0 (offset 0)
Ignoring wrong pointing object 3485 0 (offset 0)
Ignoring wrong pointing object 3487 0 (offset 0)
Ignoring wrong pointing object 3489 0 (offset 0)
Ignoring wrong pointing object 3491 0 (offset 0)
Ignoring wrong pointing object 3493 0 (offset 0)
Ignoring wrong pointing object 3495 0 (offset 0)
Ignoring wrong pointing object 3497 0 (offset 0)
Ignoring wrong pointing object 3499 0 (offset 0)
Ignoring wrong pointing object 3501 0 (offset 0)
Ignoring wrong pointing object 3503 0 (offset 0)
Ignoring wrong pointing object 3505 0 (offset 0)
Ignoring wrong pointing object 3507 0 (offset 0)
Ignoring wrong pointing object 3509 0 (offset 0)
Ignoring wrong pointing object 3511 0 (offset 0)
Ignoring wrong pointing object 3513 0 (offset 0)
Ignoring wrong pointing object 3515 0 (offset 0)
Ignoring wrong pointing object 3517 0 (offset 0)
Ignoring wrong pointing object 3519 0 (offset 0)
Ignoring wrong pointing object 3521 0 (offset 0)
Ignoring wrong pointing object 3523 0 (offset 0)
Ignoring wrong pointing object 3525 0 (offset 0)
Ignoring wrong pointing object 3527 0 (offset 0)
Ignoring wrong pointing object 3529 0 (offset 0)
Ignoring wrong pointing object 3531 0 (offset 0)
Ignoring wrong pointing object 3533 0 (offset 0)
Ignoring wrong pointing object 3535 0 (offset 0)
Ignoring wrong pointing object 3537 0 (offset 0)
Ignoring wrong pointing object 3539 0 (offset 0)
Ignoring wrong pointing object 3541 0 (offset 0)
Ignoring wrong pointing object 3543 0 (offset 0)
Ignoring wrong pointing object 3545 0 (offset 0)
Ignoring wrong pointing object 3547 0 (offset 0)
Ignoring wrong pointing object 3549 0 (offset 0)
Ignoring wrong pointing object 3551 0 (offset 0)
Ignoring wrong pointing object 3553 0 (offset 0)
Ignoring wrong pointing object 3555 0 (offset 0)
Ignoring wrong pointing object 3557 0 (offset 0)
Ignoring wrong pointing object 3559 0 (offset 0)
Ignoring wrong pointing object 3561 0 (offset 0)
Ignoring wrong pointing object 3563 0 (offset 0)
Ignoring wrong pointing object 3565 0 (offset 0)
Ignoring wrong pointing object 3567 0 (offset 0)
Ignoring wrong pointing object 3569 0 (offset 0)
Ignoring wrong pointing object 3571 0 (offset 0)
Ignoring wrong pointing object 3573 0 (offset 0)
Ignoring wrong pointing object 3575 0 (offset 0)
Ignoring wrong pointing object 3577 0 (offset 0)
Ignoring wrong pointing object 3579 0 (offset 0)
Ignoring wrong pointing object 3581 0 (offset 0)
Ignoring wrong pointing object 3583 0 (offset 0)
Ignoring wrong pointing object 3585 0 (offset 0)
Ignoring wrong pointing object 3587 0 (offset 0)
Ignoring wrong pointing object 3589 0 (offset 0)
Ignoring wrong pointing object 3591 0 (offset 0)
Ignoring wrong pointing object 3593 0 (offset 0)
Ignoring wrong pointing object 3595 0 (offset 0)
Ignoring wrong pointing object 3597 0 (offset 0)
Ignoring wrong pointing object 3599 0 (offset 0)
Ignoring wrong pointing object 3601 0 (offset 0)
Ignoring wrong pointing object 3603 0 (offset 0)
Ignoring wrong pointing object 3605 0 (offset 0)
Ignoring wrong pointing object 3607 0 (offset 0)
Ignoring wrong pointing object 3609 0 (offset 0)
Ignoring wrong pointing object 3611 0 (offset 0)
Ignoring wrong pointing object 3613 0 (offset 0)
Ignoring wrong pointing object 3615 0 (offset 0)
Ignoring wrong pointing object 3617 0 (offset 0)
Ignoring wrong pointing object 3619 0 (offset 0)
Ignoring wrong pointing object 3621 0 (offset 0)
Ignoring wrong pointing object 3623 0 (offset 0)
Ignoring wrong pointing object 3625 0 (offset 0)
Ignoring wrong pointing object 3627 0 (offset 0)
Ignoring wrong pointing object 3629 0 (offset 0)
Ignoring wrong pointing object 3631 0 (offset 0)
Ignoring wrong pointing object 3633 0 (offset 0)
Ignoring wrong pointing object 3635 0 (offset 0)
Ignoring wrong pointing object 3637 0 (offset 0)
Ignoring wrong pointing object 3639 0 (offset 0)
Ignoring wrong pointing object 3641 0 (offset 0)
Ignoring wrong pointing object 3643 0 (offset 0)
Ignoring wrong pointing object 3645 0 (offset 0)
Ignoring wrong pointing object 3647 0 (offset 0)
Ignoring wrong pointing object 3649 0 (offset 0)
Ignoring wrong pointing object 3651 0 (offset 0)
Ignoring wrong pointing object 3653 0 (offset 0)
Ignoring wrong pointing object 3655 0 (offset 0)
Ignoring wrong pointing object 3657 0 (offset 0)
Ignoring wrong pointing object 3659 0 (offset 0)
Ignoring wrong pointing object 3661 0 (offset 0)
Ignoring wrong pointing object 3663 0 (offset 0)
Ignoring wrong pointing object 3665 0 (offset 0)
Ignoring wrong pointing object 3667 0 (offset 0)
Ignoring wrong pointing object 3669 0 (offset 0)
Ignoring wrong pointing object 3671 0 (offset 0)
Ignoring wrong pointing object 3673 0 (offset 0)
Ignoring wrong pointing object 3675 0 (offset 0)
Ignoring wrong pointing object 3677 0 (offset 0)
Ignoring wrong pointing object 3679 0 (offset 0)
Ignoring wrong pointing object 3681 0 (offset 0)
Ignoring wrong pointing object 3683 0 (offset 0)
Ignoring wrong pointing object 3685 0 (offset 0)
Ignoring wrong pointing object 3687 0 (offset 0)
Ignoring wrong pointing object 3689 0 (offset 0)
Ignoring wrong pointing object 3691 0 (offset 0)
Ignoring wrong pointing object 3693 0 (offset 0)
Ignoring wrong pointing object 3695 0 (offset 0)
Ignoring wrong pointing object 3697 0 (offset 0)
Ignoring wrong pointing object 3699 0 (offset 0)
Ignoring wrong pointing object 3701 0 (offset 0)
Ignoring wrong pointing object 3703 0 (offset 0)
Ignoring wrong pointing object 3705 0 (offset 0)
Ignoring wrong pointing object 3707 0 (offset 0)
Ignoring wrong pointing object 3709 0 (offset 0)
Ignoring wrong pointing object 3711 0 (offset 0)
Ignoring wrong pointing object 3713 0 (offset 0)
Ignoring wrong pointing object 3715 0 (offset 0)
Ignoring wrong pointing object 3717 0 (offset 0)
Ignoring wrong pointing object 3719 0 (offset 0)
Ignoring wrong pointing object 3721 0 (offset 0)
Ignoring wrong pointing object 3723 0 (offset 0)
Ignoring wrong pointing object 3725 0 (offset 0)
Ignoring wrong pointing object 3727 0 (offset 0)
Ignoring wrong pointing object 3729 0 (offset 0)
Ignoring wrong pointing object 3731 0 (offset 0)
Ignoring wrong pointing object 3733 0 (offset 0)
Ignoring wrong pointing object 3735 0 (offset 0)
Ignoring wrong pointing object 3737 0 (offset 0)
Ignoring wrong pointing object 3739 0 (offset 0)
Ignoring wrong pointing object 3741 0 (offset 0)
Ignoring wrong pointing object 3743 0 (offset 0)
Ignoring wrong pointing object 3745 0 (offset 0)
Ignoring wrong pointing object 3747 0 (offset 0)
Ignoring wrong pointing object 3749 0 (offset 0)
Ignoring wrong pointing object 3751 0 (offset 0)
Ignoring wrong pointing object 3753 0 (offset 0)
Ignoring wrong pointing object 3755 0 (offset 0)
Ignoring wrong pointing object 3757 0 (offset 0)
Ignoring wrong pointing object 3759 0 (offset 0)
Ignoring wrong pointing object 3761 0 (offset 0)
Ignoring wrong pointing object 3763 0 (offset 0)
Ignoring wrong pointing object 3765 0 (offset 0)
Ignoring wrong pointing object 3767 0 (offset 0)
Ignoring wrong pointing object 3769 0 (offset 0)
Ignoring wrong pointing object 3771 0 (offset 0)
Ignoring wrong pointing object 3773 0 (offset 0)
Ignoring wrong pointing object 3775 0 (offset 0)
Ignoring wrong pointing object 3777 0 (offset 0)
Ignoring wrong pointing object 3779 0 (offset 0)
Ignoring wrong pointing object 3781 0 (offset 0)
Ignoring wrong pointing object 3783 0 (offset 0)
Ignoring wrong pointing object 3785 0 (offset 0)
Ignoring wrong pointing object 3787 0 (offset 0)
Ignoring wrong pointing object 3789 0 (offset 0)
Ignoring wrong pointing object 3791 0 (offset 0)
Ignoring wrong pointing object 3793 0 (offset 0)
Ignoring wrong pointing object 3795 0 (offset 0)
Ignoring wrong pointing object 3797 0 (offset 0)
Ignoring wrong pointing object 3799 0 (offset 0)
Ignoring wrong pointing object 3801 0 (offset 0)
Ignoring wrong pointing object 3803 0 (offset 0)
Ignoring wrong pointing object 3805 0 (offset 0)
Ignoring wrong pointing object 3807 0 (offset 0)
Ignoring wrong pointing object 3809 0 (offset 0)
Ignoring wrong pointing object 3811 0 (offset 0)
Ignoring wrong pointing object 3813 0 (offset 0)
Ignoring wrong pointing object 3815 0 (offset 0)
Ignoring wrong pointing object 3817 0 (offset 0)
Ignoring wrong pointing object 3819 0 (offset 0)
Ignoring wrong pointing object 3821 0 (offset 0)
Ignoring wrong pointing object 3823 0 (offset 0)
Ignoring wrong pointing object 3825 0 (offset 0)
Ignoring wrong pointing object 3827 0 (offset 0)
Ignoring wrong pointing object 3829 0 (offset 0)
Ignoring wrong pointing object 3831 0 (offset 0)
Ignoring wrong pointing object 3833 0 (offset 0)
Ignoring wrong pointing object 3835 0 (offset 0)
Ignoring wrong pointing object 3837 0 (offset 0)
Ignoring wrong pointing object 3839 0 (offset 0)
Ignoring wrong pointing object 3841 0 (offset 0)
Ignoring wrong pointing object 3843 0 (offset 0)
Ignoring wrong pointing object 3845 0 (offset 0)
Ignoring wrong pointing object 3847 0 (offset 0)
Ignoring wrong pointing object 3849 0 (offset 0)
Ignoring wrong pointing object 3851 0 (offset 0)
Ignoring wrong pointing object 3853 0 (offset 0)
Ignoring wrong pointing object 3855 0 (offset 0)
Ignoring wrong pointing object 3857 0 (offset 0)
Ignoring wrong pointing object 3859 0 (offset 0)
Ignoring wrong pointing object 3861 0 (offset 0)
Ignoring wrong pointing object 3863 0 (offset 0)
Ignoring wrong pointing object 3865 0 (offset 0)
Ignoring wrong pointing object 3867 0 (offset 0)
Ignoring wrong pointing object 3869 0 (offset 0)
Ignoring wrong pointing object 3871 0 (offset 0)
Ignoring wrong pointing object 3873 0 (offset 0)
Ignoring wrong pointing object 3875 0 (offset 0)
Ignoring wrong pointing object 3877 0 (offset 0)
Ignoring wrong pointing object 3879 0 (offset 0)
Ignoring wrong pointing object 3881 0 (offset 0)
Ignoring wrong pointing object 3883 0 (offset 0)
Ignoring wrong pointing object 3885 0 (offset 0)
Ignoring wrong pointing object 3887 0 (offset 0)
Ignoring wrong pointing object 3889 0 (offset 0)
Ignoring wrong pointing object 3891 0 (offset 0)
Ignoring wrong pointing object 3893 0 (offset 0)
Ignoring wrong pointing object 3895 0 (offset 0)
Ignoring wrong pointing object 3897 0 (offset 0)
Ignoring wrong pointing object 3899 0 (offset 0)
Ignoring wrong pointing object 3901 0 (offset 0)
Ignoring wrong pointing object 3903 0 (offset 0)
Ignoring wrong pointing object 3905 0 (offset 0)
Ignoring wrong pointing object 3907 0 (offset 0)
Ignoring wrong pointing object 3909 0 (offset 0)
Ignoring wrong pointing object 3911 0 (offset 0)
Ignoring wrong pointing object 3913 0 (offset 0)
Ignoring wrong pointing object 3915 0 (offset 0)
Ignoring wrong pointing object 3917 0 (offset 0)
Ignoring wrong pointing object 3919 0 (offset 0)
Ignoring wrong pointing object 3921 0 (offset 0)
Ignoring wrong pointing object 3923 0 (offset 0)
Ignoring wrong pointing object 3925 0 (offset 0)
Ignoring wrong pointing object 3927 0 (offset 0)
Ignoring wrong pointing object 3929 0 (offset 0)
Ignoring wrong pointing object 3931 0 (offset 0)
Ignoring wrong pointing object 3933 0 (offset 0)
Ignoring wrong pointing object 3935 0 (offset 0)
Ignoring wrong pointing object 3937 0 (offset 0)
Ignoring wrong pointing object 3939 0 (offset 0)
Ignoring wrong pointing object 3941 0 (offset 0)
Ignoring wrong pointing object 3943 0 (offset 0)
Ignoring wrong pointing object 3945 0 (offset 0)
Ignoring wrong pointing object 3947 0 (offset 0)
Ignoring wrong pointing object 3949 0 (offset 0)
Ignoring wrong pointing object 3951 0 (offset 0)
Ignoring wrong pointing object 3953 0 (offset 0)
Ignoring wrong pointing object 3955 0 (offset 0)
Ignoring wrong pointing object 3957 0 (offset 0)
Ignoring wrong pointing object 3959 0 (offset 0)
Ignoring wrong pointing object 3961 0 (offset 0)
Ignoring wrong pointing object 3963 0 (offset 0)
Ignoring wrong pointing object 3965 0 (offset 0)
Ignoring wrong pointing object 3967 0 (offset 0)
Ignoring wrong pointing object 3969 0 (offset 0)
Ignoring wrong pointing object 3971 0 (offset 0)
Ignoring wrong pointing object 3973 0 (offset 0)
Ignoring wrong pointing object 3975 0 (offset 0)
Ignoring wrong pointing object 3977 0 (offset 0)
Ignoring wrong pointing object 3979 0 (offset 0)
Ignoring wrong pointing object 3981 0 (offset 0)
Ignoring wrong pointing object 3983 0 (offset 0)
Ignoring wrong pointing object 3985 0 (offset 0)
Ignoring wrong pointing object 3987 0 (offset 0)
Ignoring wrong pointing object 3989 0 (offset 0)
Ignoring wrong pointing object 3991 0 (offset 0)
Ignoring wrong pointing object 3993 0 (offset 0)
并行处理完成 108/193 个 PDF。
并行处理完成 109/193 个 PDF。
并行处理完成 110/193 个 PDF。
并行处理完成 111/193 个 PDF。
并行处理完成 112/193 个 PDF。
并行处理完成 113/193 个 PDF。
并行处理完成 114/193 个 PDF。
并行处理完成 115/193 个 PDF。
并行处理完成 116/193 个 PDF。
并行处理完成 117/193 个 PDF。
并行处理完成 118/193 个 PDF。
并行处理完成 119/193 个 PDF。
并行处理完成 120/193 个 PDF。
并行处理完成 121/193 个 PDF。
并行处理完成 122/193 个 PDF。
并行处理完成 123/193 个 PDF。
并行处理完成 124/193 个 PDF。
并行处理完成 125/193 个 PDF。
并行处理完成 126/193 个 PDF。
并行处理完成 127/193 个 PDF。
并行处理完成 128/193 个 PDF。
并行处理完成 129/193 个 PDF。
并行处理完成 130/193 个 PDF。
并行处理完成 131/193 个 PDF。
并行处理完成 132/193 个 PDF。
并行处理完成 133/193 个 PDF。
并行处理完成 134/193 个 PDF。
并行处理完成 135/193 个 PDF。
并行处理完成 136/193 个 PDF。
并行处理完成 137/193 个 PDF。
并行处理完成 138/193 个 PDF。
并行处理完成 139/193 个 PDF。
并行处理完成 140/193 个 PDF。
并行处理完成 141/193 个 PDF。
并行处理完成 142/193 个 PDF。
并行处理完成 143/193 个 PDF。
并行处理完成 144/193 个 PDF。
并行处理完成 145/193 个 PDF。
并行处理完成 146/193 个 PDF。
并行处理完成 147/193 个 PDF。
并行处理完成 148/193 个 PDF。
并行处理完成 149/193 个 PDF。
并行处理完成 150/193 个 PDF。
并行处理完成 151/193 个 PDF。
并行处理完成 152/193 个 PDF。
并行处理完成 153/193 个 PDF。
并行处理完成 154/193 个 PDF。
并行处理完成 155/193 个 PDF。
并行处理完成 156/193 个 PDF。
并行处理完成 157/193 个 PDF。
并行处理完成 158/193 个 PDF。
Ignoring wrong pointing object 834 0 (offset 0)
并行处理完成 159/193 个 PDF。
并行处理完成 160/193 个 PDF。
并行处理完成 161/193 个 PDF。
并行处理完成 162/193 个 PDF。
并行处理完成 163/193 个 PDF。
并行处理完成 164/193 个 PDF。
并行处理完成 165/193 个 PDF。
并行处理完成 166/193 个 PDF。
并行处理完成 167/193 个 PDF。
并行处理完成 168/193 个 PDF。
并行处理完成 169/193 个 PDF。
并行处理完成 170/193 个 PDF。
Rotated text discovered. Output will be incomplete.
并行处理完成 171/193 个 PDF。
并行处理完成 172/193 个 PDF。
并行处理完成 173/193 个 PDF。
并行处理完成 174/193 个 PDF。
并行处理完成 175/193 个 PDF。
并行处理完成 176/193 个 PDF。
并行处理完成 177/193 个 PDF。
并行处理完成 178/193 个 PDF。
并行处理完成 179/193 个 PDF。
并行处理完成 180/193 个 PDF。
并行处理完成 181/193 个 PDF。
并行处理完成 182/193 个 PDF。
并行处理完成 183/193 个 PDF。
并行处理完成 184/193 个 PDF。
并行处理完成 185/193 个 PDF。
并行处理完成 186/193 个 PDF。
并行处理完成 187/193 个 PDF。
并行处理完成 188/193 个 PDF。
并行处理完成 189/193 个 PDF。
并行处理完成 190/193 个 PDF。
并行处理完成 191/193 个 PDF。
并行处理完成 192/193 个 PDF。
并行处理完成 193/193 个 PDF。
[--------------------] 1/193 (1%) 完成 1/193 | 类别 bid_evaluation_report | 页数 17 | OCR 页 [1, 2, 3, 4, 5, 6, 7, 8, 9, 10, 11, 12, 13, 14, 15, 16, 17] | 记录 14 | 状态 成功
[--------------------] 2/193 (1%) 完成 2/193 | 类别 bid_candidates | 页数 3 | OCR 页 无 | 记录 15 | 状态 成功
[--------------------] 3/193 (2%) 完成 3/193 | 类别 tender_cover | 页数 1 | OCR 页 无 | 记录 1 | 状态 成功
[--------------------] 4/193 (2%) 完成 4/193 | 类别 award_notice | 页数 1 | OCR 页 [1] | 记录 1 | 状态 成功
[#-------------------] 5/193 (3%) 完成 5/193 | 类别 tender_cover | 页数 1 | OCR 页 [1] | 记录 1 | 状态 待复核
[#-------------------] 6/193 (3%) 完成 6/193 | 类别 tender_cover | 页数 1 | OCR 页 [1] | 记录 1 | 状态 待复核
[#-------------------] 7/193 (4%) 完成 7/193 | 类别 tender_cover | 页数 1 | OCR 页 [1] | 记录 1 | 状态 待复核
[#-------------------] 8/193 (4%) 完成 8/193 | 类别 tender_cover | 页数 1 | OCR 页 [1] | 记录 1 | 状态 待复核
[#-------------------] 9/193 (5%) 完成 9/193 | 类别 tender_cover | 页数 1 | OCR 页 [1] | 记录 1 | 状态 待复核
[#-------------------] 10/193 (5%) 完成 10/193 | 类别 tender_cover | 页数 1 | OCR 页 [1] | 记录 1 | 状态 待复核
[#-------------------] 11/193 (6%) 完成 11/193 | 类别 tender_cover | 页数 1 | OCR 页 [1] | 记录 1 | 状态 待复核
[#-------------------] 12/193 (6%) 完成 12/193 | 类别 tender_cover | 页数 2 | OCR 页 [1] | 记录 1 | 状态 待复核
[#-------------------] 13/193 (7%) 完成 13/193 | 类别 tender_cover | 页数 1 | OCR 页 [1] | 记录 1 | 状态 待复核
[#-------------------] 14/193 (7%) 完成 14/193 | 类别 tender_cover | 页数 1 | OCR 页 [1] | 记录 1 | 状态 待复核
[##------------------] 15/193 (8%) 完成 15/193 | 类别 tender_cover | 页数 1 | OCR 页 [1] | 记录 1 | 状态 待复核
[##------------------] 16/193 (8%) 完成 16/193 | 类别 tender_cover | 页数 1 | OCR 页 [1] | 记录 1 | 状态 待复核
[##------------------] 17/193 (9%) 完成 17/193 | 类别 tender_cover | 页数 1 | OCR 页 [1] | 记录 1 | 状态 待复核
[##------------------] 18/193 (9%) 完成 18/193 | 类别 tender_cover | 页数 1 | OCR 页 [1] | 记录 1 | 状态 待复核
[##------------------] 19/193 (10%) 完成 19/193 | 类别 archive_info | 页数 214 | OCR 页 [1, 2, 3, 4, 5, 6, 7, 8, 9, 10, 11, 12, 13, 14, 15, 16, 17, 18, 19, 20, 21, 22, 23, 24, 25, 26, 27, 28, 29, 30, 31, 32, 33, 34, 35, 36, 37, 38, 39, 40, 41, 42, 43, 44, 45, 46, 47, 48, 49, 50, 51, 52, 53, 54, 55, 56, 57, 58, 59, 60, 61, 62, 63, 64, 65, 66, 67, 68, 69, 70, 71, 72, 73, 74, 75, 76, 77, 78, 79, 80, 81, 82, 83, 84, 85, 86, 87, 88, 89, 90, 91, 92, 93, 94, 95, 96, 97, 98, 99, 100, 101, 102, 103, 104, 105, 106, 107, 108, 109, 110, 111, 112, 113, 114, 115, 116, 117, 118, 119, 120, 121, 122, 123, 124, 125, 126, 127, 128, 129, 130, 131, 132, 133, 134, 135, 136, 137, 138, 139, 140, 141, 142, 143, 144, 145, 146, 147, 148, 149, 150, 151, 152, 153, 154, 155, 156, 157, 158, 159, 160, 161, 162, 163, 164, 165, 166, 167, 168, 169, 170, 171, 172, 173, 174, 175, 176, 177, 178, 179, 180, 181, 182, 183, 184, 185, 186, 187, 188, 189, 190, 191, 192, 193, 194, 195, 196, 197, 198, 199, 200, 201, 202, 203, 204, 205, 206, 207, 208, 209, 210, 211, 212, 213, 214] | 记录 6 | 状态 成功
[##------------------] 20/193 (10%) 完成 20/193 | 类别 archive_info | 页数 374 | OCR 页 [1, 2, 3, 4, 5, 6, 7, 8, 9, 10, 11, 12, 13, 14, 15, 16, 17, 18, 19, 20, 21, 22, 23, 24, 25, 26, 27, 28, 29, 30, 31, 32, 33, 34, 35, 36, 37, 38, 39, 40, 41, 42, 43, 44, 45, 46, 47, 48, 49, 50, 51, 52, 53, 54, 55, 56, 57, 58, 59, 60, 61, 62, 63, 64, 65, 66, 67, 68, 69, 70, 71, 72, 73, 74, 75, 76, 77, 78, 79, 80, 81, 82, 83, 84, 85, 86, 87, 88, 89, 90, 91, 92, 93, 94, 95, 96, 97, 98, 99, 100, 101, 102, 103, 104, 105, 106, 107, 108, 109, 110, 111, 112, 113, 114, 115, 116, 117, 118, 119, 120, 121, 122, 123, 124, 125, 126, 127, 128, 129, 130, 131, 132, 133, 134, 135, 136, 137, 138, 139, 140, 141, 142, 143, 144, 145, 146, 147, 148, 149, 150, 151, 152, 153, 154, 155, 156, 157, 158, 159, 160, 161, 162, 163, 164, 165, 166, 167, 168, 169, 170, 171, 172, 173, 174, 175, 176, 177, 178, 179, 180, 181, 182, 183, 184, 185, 186, 187, 188, 189, 190, 191, 192, 193, 194, 195, 196, 197, 198, 199, 200, 201, 202, 203, 204, 205, 206, 207, 208, 209, 210, 211, 212, 213, 214, 215, 216, 217, 218, 219, 220, 221, 222, 223, 224, 225, 226, 227, 228, 229, 230, 231, 232, 233, 234, 235, 236, 237, 238, 239, 240, 241, 242, 243, 244, 245, 246, 247, 248, 249, 250, 251, 252, 253, 254, 255, 256, 257, 258, 259, 260, 261, 262, 263, 264, 265, 266, 267, 268, 269, 270, 271, 272, 273, 274, 275, 276, 277, 278, 279, 280, 281, 282, 283, 284, 285, 286, 287, 288, 289, 290, 291, 292, 293, 294, 295, 296, 297, 298, 299, 300, 301, 302, 303, 304, 305, 306, 307, 308, 309, 310, 311, 312, 374] | 记录 1 | 状态 成功
[##------------------] 21/193 (11%) 完成 21/193 | 类别 award_notice | 页数 1 | OCR 页 [1] | 记录 1 | 状态 成功
[##------------------] 22/193 (11%) 完成 22/193 | 类别 bid_evaluation_report | 页数 149 | OCR 页 [1, 2, 3, 4, 5, 6, 7, 8, 9, 10, 11, 12, 13, 14, 15, 16, 17, 18, 19, 20, 21, 22, 23, 24, 25, 26, 27, 28, 29, 30, 31, 32, 33, 34, 35, 36, 37, 38, 39, 40, 41, 42, 43, 44, 45, 46, 47, 48, 49, 50, 51, 52, 53, 54, 55, 56, 57, 58, 59, 60, 61, 62, 63, 64, 65, 66, 67, 68, 69, 70, 71, 72, 73, 74, 75, 76, 77, 78, 79, 80, 81, 82, 83, 84, 85, 86, 87, 88, 89, 90, 91, 92, 93, 94, 95, 96, 97, 98, 99, 100, 101, 102, 103, 104, 105, 106, 107, 108, 109, 110, 111, 112, 113, 114, 115, 116, 117, 118, 119, 120, 121, 122, 123, 124, 125, 126, 127, 128, 129, 130, 131, 132, 133, 134, 135, 136, 137, 138, 139, 140, 141, 142, 143, 144, 145, 146, 147, 148, 149] | 记录 7 | 状态 成功
[##------------------] 23/193 (12%) 完成 23/193 | 类别 bid_candidates | 页数 2 | OCR 页 无 | 记录 14 | 状态 成功
[##------------------] 24/193 (12%) 完成 24/193 | 类别 bid_announcement | 页数 1 | OCR 页 无 | 记录 1 | 状态 成功
[###-----------------] 25/193 (13%) 完成 25/193 | 类别 tender_cover | 页数 1 | OCR 页 [1] | 记录 1 | 状态 待复核
[###-----------------] 26/193 (13%) 完成 26/193 | 类别 tender_cover | 页数 1 | OCR 页 [1] | 记录 1 | 状态 成功
[###-----------------] 27/193 (14%) 完成 27/193 | 类别 tender_cover | 页数 1 | OCR 页 [1] | 记录 1 | 状态 成功
[###-----------------] 28/193 (15%) 完成 28/193 | 类别 tender_cover | 页数 1 | OCR 页 [1] | 记录 1 | 状态 成功
[###-----------------] 29/193 (15%) 完成 29/193 | 类别 tender_cover | 页数 2 | OCR 页 [1] | 记录 1 | 状态 成功
[###-----------------] 30/193 (16%) 完成 30/193 | 类别 tender_cover | 页数 1 | OCR 页 [1] | 记录 1 | 状态 成功
[###-----------------] 31/193 (16%) 完成 31/193 | 类别 tender_cover | 页数 1 | OCR 页 [1] | 记录 1 | 状态 成功
[###-----------------] 32/193 (17%) 完成 32/193 | 类别 tender_cover | 页数 1 | OCR 页 [1] | 记录 1 | 状态 成功
[###-----------------] 33/193 (17%) 完成 33/193 | 类别 tender_cover | 页数 1 | OCR 页 [1] | 记录 1 | 状态 成功
[####----------------] 34/193 (18%) 完成 34/193 | 类别 tender_cover | 页数 1 | OCR 页 [1] | 记录 1 | 状态 成功
[####----------------] 35/193 (18%) 完成 35/193 | 类别 tender_cover | 页数 1 | OCR 页 [1] | 记录 1 | 状态 成功
[####----------------] 36/193 (19%) 完成 36/193 | 类别 tender_cover | 页数 1 | OCR 页 [1] | 记录 1 | 状态 成功
[####----------------] 37/193 (19%) 完成 37/193 | 类别 tender_cover | 页数 1 | OCR 页 [1] | 记录 1 | 状态 成功
[####----------------] 38/193 (20%) 完成 38/193 | 类别 bid_announcement | 页数 1 | OCR 页 无 | 记录 1 | 状态 成功
[####----------------] 39/193 (20%) 完成 39/193 | 类别 award_notice | 页数 1 | OCR 页 [1] | 记录 1 | 状态 成功
[####----------------] 40/193 (21%) 完成 40/193 | 类别 tender_cover | 页数 1 | OCR 页 无 | 记录 1 | 状态 成功
[####----------------] 41/193 (21%) 完成 41/193 | 类别 bid_evaluation_report | 页数 6 | OCR 页 [1, 2, 3, 4, 5, 6] | 记录 2 | 状态 待复核
[####----------------] 42/193 (22%) 完成 42/193 | 类别 bid_evaluation_report | 页数 152 | OCR 页 [1, 2, 3, 4, 5, 6, 7, 8, 9, 10, 11, 12, 13, 14, 15, 16, 17, 18, 19, 20, 21, 22, 23, 24, 25, 26, 27, 28, 29, 30, 31, 32, 33, 34, 35, 36, 37, 38, 39, 40, 41, 42, 43, 44, 45, 46, 47, 48, 49, 50, 51, 52, 53, 54, 55, 56, 57, 58, 59, 60, 61, 62, 63, 64, 65, 66, 67, 68, 69, 70, 71, 72, 73, 74, 75, 76, 77, 78, 79, 80, 81, 82, 83, 84, 85, 86, 87, 88, 89, 90, 91, 92, 93, 94, 95, 96, 97, 98, 99, 100, 101, 102, 103, 104, 105, 106, 107, 108, 109, 110, 111, 112, 113, 114, 115, 116, 117, 118, 119, 120, 121, 122, 123, 124, 125, 126, 127, 128, 129, 130, 131, 132, 133, 134, 135, 136, 137, 138, 139, 140, 141, 142, 143, 144, 145, 146, 147, 148, 149, 150, 151, 152] | 记录 8 | 状态 待复核
[####----------------] 43/193 (22%) 完成 43/193 | 类别 bid_candidates | 页数 2 | OCR 页 无 | 记录 13 | 状态 成功
[#####---------------] 44/193 (23%) 完成 44/193 | 类别 bid_candidates | 页数 1 | OCR 页 无 | 记录 1 | 状态 待复核
[#####---------------] 45/193 (23%) 完成 45/193 | 类别 bid_candidates | 页数 2 | OCR 页 无 | 记录 13 | 状态 成功
[#####---------------] 46/193 (24%) 完成 46/193 | 类别 tender_cover | 页数 1 | OCR 页 [1] | 记录 1 | 状态 待复核
[#####---------------] 47/193 (24%) 完成 47/193 | 类别 tender_cover | 页数 1 | OCR 页 [1] | 记录 1 | 状态 成功
[#####---------------] 48/193 (25%) 完成 48/193 | 类别 tender_cover | 页数 1 | OCR 页 [1] | 记录 1 | 状态 成功
[#####---------------] 49/193 (25%) 完成 49/193 | 类别 tender_cover | 页数 2 | OCR 页 [1] | 记录 1 | 状态 成功
[#####---------------] 50/193 (26%) 完成 50/193 | 类别 tender_cover | 页数 1 | OCR 页 [1] | 记录 1 | 状态 成功
[#####---------------] 51/193 (26%) 完成 51/193 | 类别 tender_cover | 页数 1 | OCR 页 [1] | 记录 1 | 状态 成功
[#####---------------] 52/193 (27%) 完成 52/193 | 类别 tender_cover | 页数 1 | OCR 页 [1] | 记录 1 | 状态 成功
[#####---------------] 53/193 (27%) 完成 53/193 | 类别 tender_cover | 页数 1 | OCR 页 [1] | 记录 1 | 状态 成功
[######--------------] 54/193 (28%) 完成 54/193 | 类别 tender_cover | 页数 1 | OCR 页 [1] | 记录 1 | 状态 成功
[######--------------] 55/193 (28%) 完成 55/193 | 类别 tender_cover | 页数 1 | OCR 页 [1] | 记录 1 | 状态 成功
[######--------------] 56/193 (29%) 完成 56/193 | 类别 tender_cover | 页数 1 | OCR 页 [1] | 记录 1 | 状态 成功
[######--------------] 57/193 (30%) 完成 57/193 | 类别 tender_cover | 页数 1 | OCR 页 [1] | 记录 1 | 状态 成功
[######--------------] 58/193 (30%) 完成 58/193 | 类别 archive_info | 页数 202 | OCR 页 [1, 2, 3, 4, 5, 6, 7, 8, 9, 10, 11, 12, 13, 14, 15, 16, 17, 18, 19, 20, 21, 22, 23, 24, 25, 26, 27, 28, 29, 30, 31, 32, 33, 34, 35, 36, 37, 38, 39, 40, 41, 42, 43, 44, 45, 46, 47, 48, 49, 50, 51, 52, 53, 54, 55, 56, 57, 58, 59, 60, 61, 62, 63, 64, 65, 66, 67, 68, 69, 70, 71, 72, 73, 74, 75, 76, 77, 78, 79, 80, 81, 82, 83, 84, 85, 86, 87, 88, 89, 90, 91, 92, 93, 94, 95, 96, 97, 98, 99, 100, 101, 102, 103, 104, 105, 106, 107, 108, 109, 110, 111, 112, 113, 114, 115, 116, 117, 118, 119, 120, 121, 122, 123, 124, 125, 126, 127, 128, 129, 130, 131, 132, 133, 134, 135, 136, 137, 138, 139, 140, 141, 142, 143, 144, 145, 146, 147, 148, 149, 150, 151, 152, 153, 154, 155, 156, 157, 158, 159, 160, 161, 162, 163, 164, 165, 166, 167, 168, 169, 170, 171, 172, 173, 174, 175, 176, 177, 178, 179, 180, 181, 182, 183, 184, 185, 186, 187, 188, 189, 190, 191, 192, 193, 194, 195, 196, 197, 198, 199, 200, 201, 202] | 记录 1 | 状态 成功
[######--------------] 59/193 (31%) 完成 59/193 | 类别 archive_info | 页数 379 | OCR 页 [1, 2, 3, 4, 5, 6, 7, 8, 9, 10, 11, 12, 13, 14, 15, 16, 17, 18, 19, 20, 21, 22, 23, 24, 25, 26, 27, 28, 29, 30, 31, 32, 33, 34, 35, 36, 37, 38, 39, 40, 41, 42, 43, 44, 45, 46, 47, 48, 49, 50, 51, 52, 53, 54, 55, 56, 57, 58, 59, 60, 61, 62, 63, 64, 65, 66, 67, 68, 69, 70, 71, 72, 73, 74, 75, 76, 77, 78, 79, 80, 81, 82, 83, 84, 85, 86, 87, 88, 89, 90, 91, 92, 93, 94, 95, 96, 97, 98, 99, 100, 101, 102, 103, 104, 105, 106, 107, 108, 109, 110, 111, 112, 113, 114, 115, 116, 117, 118, 119, 120, 121, 122, 123, 124, 125, 126, 127, 128, 129, 130, 131, 132, 133, 134, 135, 136, 137, 138, 139, 140, 141, 142, 143, 144, 145, 146, 147, 148, 149, 150, 151, 152, 153, 154, 155, 156, 157, 158, 159, 160, 161, 162, 163, 164, 165, 166, 167, 168, 169, 170, 171, 172, 173, 174, 175, 176, 177, 178, 179, 180, 181, 182, 183, 184, 185, 186, 187, 188, 189, 190, 191, 192, 193, 194, 195, 196, 197, 198, 199, 200, 201, 202, 203, 204, 205, 206, 207, 208, 209, 210, 211, 212, 213, 214, 215, 216, 217, 218, 219, 220, 221, 222, 223, 224, 225, 226, 227, 228, 229, 230, 231, 232, 233, 234, 235, 236, 237, 238, 239, 240, 241, 242, 243, 244, 245, 246, 247, 248, 249, 250, 251, 252, 253, 254, 255, 256, 257, 258, 259, 260, 261, 262, 263, 264, 265, 266, 267, 268, 269, 270, 271, 272, 273, 274, 275, 276, 277, 278, 279, 280, 281, 282, 283, 284, 285, 286, 287, 288, 289, 290, 291, 292, 293, 294, 295, 296, 297] | 记录 1 | 状态 待复核
[######--------------] 60/193 (31%) 完成 60/193 | 类别 archive_info | 页数 276 | OCR 页 [1, 2, 3, 4, 5, 6, 7, 8, 9, 10, 11, 12, 13, 14, 15, 16, 17, 18, 19, 20, 21, 22, 23, 24, 25, 26, 27, 28, 29, 30, 31, 32, 33, 34, 35, 36, 37, 38, 39, 40, 41, 42, 43, 44, 45, 46, 47, 48, 49, 50, 51, 52, 53, 54, 55, 56, 57, 58, 59, 60, 61, 62, 63, 64, 65, 66, 67, 68, 69, 70, 71, 72, 73, 74, 75, 76, 77, 78, 79, 80, 81, 82, 83, 84, 85, 86, 87, 88, 89, 90, 91, 92, 93, 94, 95, 96, 97, 98, 99, 100, 101, 102, 103, 104, 105, 106, 107, 108, 109, 110, 111, 112, 113, 114, 115, 116, 117, 118, 119, 120, 121, 122, 123, 124, 125, 126, 127, 128, 129, 130, 131, 132, 133, 134, 135, 136, 137, 138, 139, 140, 141, 142, 143, 144, 145, 146, 147, 148, 149, 150, 151, 152, 153, 154, 155, 156, 157, 158, 159, 160, 161, 162, 163, 164, 165, 166, 167, 168, 169, 170, 171, 172, 173, 174, 175, 176, 177, 178, 179, 180, 181, 182, 183, 184, 185, 186, 187, 188, 189, 190, 191, 192, 193, 194, 195, 196, 197, 198, 199, 200, 201, 202, 203, 204, 205, 206, 207, 208, 209, 210, 211, 212, 213, 214, 215, 216, 217, 218, 219, 220, 221, 222, 223, 224, 225, 226, 227, 228, 229, 230, 231, 232, 233, 234, 235, 236, 237, 238, 239, 240, 241, 242, 243, 244, 245, 246, 247, 248, 249, 250, 251, 252, 253, 254, 255, 256, 257, 258, 259, 260, 261, 262, 263, 264, 265, 266, 267, 268, 269, 270, 271, 272, 273, 274, 275, 276] | 记录 9 | 状态 成功
[######--------------] 61/193 (32%) 完成 61/193 | 类别 archive_info | 页数 166 | OCR 页 [1, 2, 3, 4, 5, 6, 7, 8, 9, 10, 11, 12, 13, 14, 15, 16, 17, 18, 19, 20, 21, 22, 23, 24, 25, 26, 27, 28, 29, 30, 31, 32, 33, 34, 35, 36, 37, 38, 39, 40, 41, 42, 43, 44, 45, 46, 47, 48, 49, 50, 51, 52, 53, 54, 55, 56, 57, 58, 59, 60, 61, 62, 63, 64, 65, 66, 67, 68, 69, 70, 71, 72, 73, 74, 75, 76, 77, 78, 79, 80, 81, 82, 83, 84, 85, 86, 87, 88, 89, 90, 91, 92, 93, 94, 95, 96, 97, 98, 99, 100, 101, 102, 103, 104, 105, 106, 107, 108, 109, 110, 111, 112, 113, 114, 115, 116, 117, 118, 119, 120, 121, 122, 123, 124, 125, 126, 127, 128, 129, 130, 131, 132, 133, 134, 135, 136, 137, 138, 139, 140, 141, 142, 143, 144, 145, 146, 147, 148, 149, 150, 151, 152, 153, 154, 155, 156, 157, 158, 159, 160, 161, 162, 163, 164, 165, 166] | 记录 4 | 状态 成功
[######--------------] 62/193 (32%) 完成 62/193 | 类别 bid_candidates | 页数 2 | OCR 页 无 | 记录 10 | 状态 成功
[#######-------------] 63/193 (33%) 完成 63/193 | 类别 bid_announcement | 页数 1 | OCR 页 无 | 记录 1 | 状态 成功
[#######-------------] 64/193 (33%) 完成 64/193 | 类别 award_notice | 页数 1 | OCR 页 [1] | 记录 1 | 状态 成功
[#######-------------] 65/193 (34%) 完成 65/193 | 类别 bid_list | 页数 2 | OCR 页 [1, 2] | 记录 14 | 状态 成功
[#######-------------] 66/193 (34%) 完成 66/193 | 类别 tender_cover | 页数 1 | OCR 页 [1] | 记录 1 | 状态 成功
[#######-------------] 67/193 (35%) 完成 67/193 | 类别 tender_cover | 页数 1 | OCR 页 [1] | 记录 1 | 状态 成功
[#######-------------] 68/193 (35%) 完成 68/193 | 类别 tender_cover | 页数 1 | OCR 页 [1] | 记录 1 | 状态 成功
[#######-------------] 69/193 (36%) 完成 69/193 | 类别 award_notice | 页数 1 | OCR 页 [1] | 记录 1 | 状态 成功
[#######-------------] 70/193 (36%) 完成 70/193 | 类别 archive_info | 页数 103 | OCR 页 [1, 2, 3, 4, 5, 6, 7, 8, 9, 10, 11, 12, 13, 14, 15, 16, 17, 18, 19, 20, 21, 22, 23, 24, 25, 26, 27, 28, 29, 30, 31, 32, 33, 34, 35, 36, 37, 38, 39, 40, 41, 42, 43, 44, 45, 46, 47, 48, 49, 50, 51, 52, 53, 54, 55, 56, 57, 58, 59, 60, 61, 62, 63, 64, 65, 66, 67, 68, 69, 70, 71, 72, 73, 74, 75, 76, 77, 78, 79, 80, 81, 82, 83, 84, 85, 86, 87, 88, 89, 90, 91, 92, 93, 94, 95, 96, 97, 98, 99, 100, 101, 102, 103] | 记录 9 | 状态 成功
[#######-------------] 71/193 (37%) 完成 71/193 | 类别 tender_cover | 页数 1 | OCR 页 [1] | 记录 1 | 状态 成功
[#######-------------] 72/193 (37%) 完成 72/193 | 类别 tender_cover | 页数 1 | OCR 页 [1] | 记录 1 | 状态 成功
[########------------] 73/193 (38%) 完成 73/193 | 类别 tender_cover | 页数 1 | OCR 页 [1] | 记录 1 | 状态 待复核
[########------------] 74/193 (38%) 完成 74/193 | 类别 tender_cover | 页数 1 | OCR 页 [1] | 记录 1 | 状态 待复核
[########------------] 75/193 (39%) 完成 75/193 | 类别 tender_cover | 页数 1 | OCR 页 [1] | 记录 1 | 状态 待复核
[########------------] 76/193 (39%) 完成 76/193 | 类别 tender_cover | 页数 1 | OCR 页 [1] | 记录 1 | 状态 成功
[########------------] 77/193 (40%) 完成 77/193 | 类别 tender_cover | 页数 1 | OCR 页 [1] | 记录 1 | 状态 成功
[########------------] 78/193 (40%) 完成 78/193 | 类别 bid_evaluation_report | 页数 16 | OCR 页 [1, 2, 3, 4, 5, 6, 7, 8, 9, 10, 11, 12, 13, 14, 15, 16] | 记录 7 | 状态 成功
[########------------] 79/193 (41%) 完成 79/193 | 类别 bid_candidates | 页数 2 | OCR 页 [2] | 记录 12 | 状态 成功
[########------------] 80/193 (41%) 完成 80/193 | 类别 bid_announcement | 页数 1 | OCR 页 无 | 记录 1 | 状态 成功
[########------------] 81/193 (42%) 完成 81/193 | 类别 award_notice | 页数 1 | OCR 页 [1] | 记录 1 | 状态 成功
[########------------] 82/193 (42%) 完成 82/193 | 类别 tender_cover | 页数 1 | OCR 页 [1] | 记录 1 | 状态 成功
[#########-----------] 83/193 (43%) 完成 83/193 | 类别 tender_cover | 页数 1 | OCR 页 无 | 记录 1 | 状态 成功
[#########-----------] 84/193 (44%) 完成 84/193 | 类别 bid_evaluation_report | 页数 104 | OCR 页 [1, 2, 3, 4, 5, 6, 7, 8, 9, 10, 11, 12, 13, 14, 15, 16, 17, 18, 19, 20, 21, 22, 23, 24, 25, 26, 27, 28, 29, 30, 31, 32, 33, 34, 35, 36, 37, 38, 39, 40, 41, 42, 43, 44, 45, 46, 47, 48, 49, 50, 51, 52, 53, 54, 55, 56, 57, 58, 59, 60, 61, 62, 63, 64, 65, 66, 67, 68, 69, 70, 71, 72, 73, 74, 75, 76, 77, 78, 79, 80, 81, 82, 83, 84, 85, 86, 87, 88, 89, 90, 91, 92, 93, 94, 95, 96, 97, 98, 99, 100, 101, 102, 103, 104] | 记录 3 | 状态 成功
[#########-----------] 85/193 (44%) 完成 85/193 | 类别 bid_candidates | 页数 2 | OCR 页 无 | 记录 5 | 状态 成功
[#########-----------] 86/193 (45%) 完成 86/193 | 类别 bid_announcement | 页数 1 | OCR 页 无 | 记录 1 | 状态 成功
[#########-----------] 87/193 (45%) 完成 87/193 | 类别 award_notice | 页数 1 | OCR 页 [1] | 记录 1 | 状态 成功
[#########-----------] 88/193 (46%) 完成 88/193 | 类别 tender_cover | 页数 1 | OCR 页 [1] | 记录 1 | 状态 成功
[#########-----------] 89/193 (46%) 完成 89/193 | 类别 tender_cover | 页数 1 | OCR 页 [1] | 记录 1 | 状态 成功
[#########-----------] 90/193 (47%) 完成 90/193 | 类别 tender_cover | 页数 1 | OCR 页 无 | 记录 1 | 状态 成功
[#########-----------] 91/193 (47%) 完成 91/193 | 类别 bid_evaluation_report | 页数 108 | OCR 页 [1, 2, 3, 4, 5, 6, 7, 8, 9, 10, 11, 12, 13, 14, 15, 16, 17, 18, 19, 20, 21, 22, 23, 24, 25, 26, 27, 28, 29, 30, 31, 32, 33, 34, 35, 36, 37, 38, 39, 40, 41, 42, 43, 44, 45, 46, 47, 48, 49, 50, 51, 52, 53, 54, 55, 56, 57, 58, 59, 60, 61, 62, 63, 64, 65, 66, 67, 68, 69, 70, 71, 72, 73, 74, 75, 76, 77, 78, 79, 80, 81, 82, 83, 84, 85, 86, 87, 88, 89, 90, 91, 92, 93, 94, 95, 96, 97, 98, 99, 100, 101, 102, 103, 104, 105, 106, 107, 108] | 记录 3 | 状态 成功
[##########----------] 92/193 (48%) 完成 92/193 | 类别 bid_candidates | 页数 2 | OCR 页 无 | 记录 4 | 状态 成功
[##########----------] 93/193 (48%) 完成 93/193 | 类别 bid_announcement | 页数 1 | OCR 页 无 | 记录 1 | 状态 成功
[##########----------] 94/193 (49%) 完成 94/193 | 类别 award_notice | 页数 1 | OCR 页 [1] | 记录 1 | 状态 成功
[##########----------] 95/193 (49%) 完成 95/193 | 类别 archive_info | 页数 126 | OCR 页 [1, 2, 3, 4, 5, 6, 7, 8, 9, 10, 11, 12, 13, 14, 15, 16, 17, 18, 19, 20, 21, 22, 23, 24, 25, 26, 27, 28, 29, 30, 31, 32, 33, 34, 35, 36, 37, 38, 39, 40, 41, 42, 43, 44, 45, 46, 47, 48, 49, 50, 51, 52, 53, 54, 55, 56, 57, 58, 59, 60, 61, 62, 63, 64, 65, 66, 67, 68, 69, 70, 71, 72, 73, 74, 75, 76, 77, 78, 79, 80, 81, 82, 83, 84, 85, 86, 87, 88, 89, 90, 91, 92, 93, 94, 95, 96, 97, 98, 99, 100, 101, 102, 103, 104, 105, 106, 107, 108, 109, 110, 111, 112, 113, 114, 115, 116, 117, 118, 119, 120, 121, 122, 123, 124, 125, 126] | 记录 8 | 状态 成功
[##########----------] 96/193 (50%) 完成 96/193 | 类别 award_notice | 页数 1 | OCR 页 [1] | 记录 1 | 状态 成功
[##########----------] 97/193 (50%) 完成 97/193 | 类别 tender_cover | 页数 1 | OCR 页 [1] | 记录 1 | 状态 成功
[##########----------] 98/193 (51%) 完成 98/193 | 类别 tender_cover | 页数 1 | OCR 页 [1] | 记录 1 | 状态 成功
[##########----------] 99/193 (51%) 完成 99/193 | 类别 tender_cover | 页数 1 | OCR 页 [1] | 记录 1 | 状态 成功
[##########----------] 100/193 (52%) 完成 100/193 | 类别 tender_cover | 页数 1 | OCR 页 [1] | 记录 1 | 状态 成功
[##########----------] 101/193 (52%) 完成 101/193 | 类别 tender_cover | 页数 1 | OCR 页 [1] | 记录 1 | 状态 成功
[###########---------] 102/193 (53%) 完成 102/193 | 类别 tender_cover | 页数 1 | OCR 页 [1] | 记录 1 | 状态 成功
[###########---------] 103/193 (53%) 完成 103/193 | 类别 tender_cover | 页数 1 | OCR 页 [1] | 记录 1 | 状态 待复核
[###########---------] 104/193 (54%) 完成 104/193 | 类别 bid_evaluation_report | 页数 93 | OCR 页 [1, 2, 3, 4, 5, 6, 7, 8, 9, 10, 11, 12, 13, 14, 15, 16, 17, 18, 19, 20, 21, 22, 23, 24, 25, 26, 27, 28, 29, 30, 31, 32, 33, 34, 35, 36, 37, 38, 39, 40, 41, 42, 43, 44, 45, 46, 47, 48, 49, 50, 51, 52, 53, 54, 55, 56, 57, 58, 59, 60, 61, 62, 63, 64, 65, 66, 67, 68, 69, 70, 71, 72, 73, 74, 75, 76, 77, 78, 79, 80, 81, 82, 83, 84, 85, 86, 87, 88, 89, 90, 91, 92, 93] | 记录 3 | 状态 待复核
[###########---------] 105/193 (54%) 完成 105/193 | 类别 bid_candidates | 页数 2 | OCR 页 无 | 记录 6 | 状态 成功
[###########---------] 106/193 (55%) 完成 106/193 | 类别 award_notice | 页数 1 | OCR 页 [1] | 记录 1 | 状态 成功
[###########---------] 107/193 (55%) 完成 107/193 | 类别 archive_info | 页数 241 | OCR 页 [3, 4, 5, 6, 7, 8, 9, 10, 11, 12, 13, 14, 15, 16, 17, 18, 19, 20, 21, 22, 23, 24, 25, 26, 27, 28, 29, 30, 31, 32, 33, 34, 35, 36, 37, 38, 39, 40, 41, 42, 43, 44, 45, 46, 47, 48, 49, 50, 51, 52, 53, 54, 55, 56, 57, 58, 59, 60, 61, 62, 63, 64, 65, 66, 67, 68, 69, 70, 71, 72, 73, 74, 75, 76, 77, 78, 79, 80, 81, 82, 83, 84, 85, 86, 87, 88, 89, 90, 91, 92, 93, 94, 95, 96, 97, 98, 99, 100, 101, 102, 103, 104, 105, 106, 107, 108, 109, 110, 111, 112, 113, 114, 115, 116, 117, 118, 119, 120, 121, 122, 123, 124, 125, 126, 127, 128, 129, 130, 131, 132, 133, 134, 135, 136, 137, 138, 139, 140, 141, 142, 143, 144, 145, 146, 147, 148, 149, 150, 151, 152, 153, 154, 155, 156, 157, 158, 159, 160, 161, 162, 163, 164, 165, 166, 167, 168, 169, 170, 171, 172, 173, 174, 175, 176, 177, 178, 179, 180, 181, 182, 183, 184, 185, 186, 187, 188, 189, 190, 191, 192, 193, 194, 195, 196, 197, 198, 199, 200, 201, 202, 203, 204, 205, 206, 207, 208, 209, 210, 211, 212, 213, 214, 215, 216, 217, 218, 219, 220, 221, 222, 223, 224, 225, 226, 227, 228, 229, 230, 231, 232, 233, 234, 235, 236, 237, 238, 239, 240, 241] | 记录 1 | 状态 待复核
[###########---------] 108/193 (56%) 完成 108/193 | 类别 bid_announcement | 页数 1 | OCR 页 无 | 记录 1 | 状态 成功
[###########---------] 109/193 (56%) 完成 109/193 | 类别 bid_candidates | 页数 2 | OCR 页 无 | 记录 17 | 状态 成功
[###########---------] 110/193 (57%) 完成 110/193 | 类别 archive_info | 页数 406 | OCR 页 [1, 2, 3, 4, 5, 6, 7, 8, 9, 10, 11, 12, 13, 14, 15, 16, 17, 18, 19, 20, 21, 22, 23, 24, 25, 26, 27, 28, 29, 30, 31, 32, 33, 34, 35, 36, 37, 39, 191, 192, 193, 194, 195, 196, 197, 198, 199, 200, 201, 202, 203, 204, 205, 206, 207, 208, 209, 210, 211, 212, 213, 214, 215, 216, 217, 218, 219, 220, 221, 222, 223, 224, 225, 226, 227, 228, 229, 230, 231, 232, 233, 234, 235, 236, 237, 238, 239, 240, 241, 242, 243, 244, 245, 246, 247, 248, 249, 250, 251, 252, 253, 254, 255, 256, 257, 258, 259, 260, 261, 262, 263, 264, 265, 266, 267, 268, 269, 270, 271, 272, 273, 274, 275, 276, 277, 278, 279, 280, 281, 282, 283, 284, 285, 286, 287, 288, 289, 290, 291, 292, 293, 294, 295, 296, 297, 298, 299, 300, 301, 302, 303, 304, 305, 306, 307, 308, 309, 310, 311, 312, 313, 314, 315, 316, 317, 318, 319, 320, 321, 322, 323, 324, 325, 326, 327, 328, 329, 330, 331, 332, 333, 334, 335, 336, 337, 338, 339, 340, 341, 342, 343, 344, 345, 346, 347, 348, 349, 350, 351, 352, 353, 354, 355, 356, 357, 358, 359, 360, 361, 362, 363, 364, 365, 366, 367, 368, 369, 370, 371, 372, 373, 374, 375, 376, 377, 378, 379, 380, 381, 382, 383, 384, 385, 386, 387, 388, 389, 390, 391, 392, 393, 394, 395, 396, 397, 398, 399, 400, 401, 402, 403, 404, 405, 406] | 记录 18 | 状态 成功
[############--------] 111/193 (58%) 完成 111/193 | 类别 archive_info | 页数 340 | OCR 页 [1, 2, 3, 4, 5, 6, 7, 8, 9, 10, 11, 12, 13, 14, 15, 16, 17, 18, 19, 20, 21, 22, 23, 24, 25, 26, 27, 28, 29, 30, 31, 32, 33, 34, 35, 36, 37, 38, 39, 40, 41, 42, 43, 44, 45, 46, 47, 48, 49, 50, 51, 52, 53, 54, 55, 56, 57, 58, 59, 60, 61, 62, 63, 64, 65, 66, 67, 68, 69, 70, 71, 72, 73, 74, 75, 76, 77, 78, 79, 80, 81, 82, 83, 84, 85, 86, 87, 88, 89, 90, 91, 92, 93, 94, 95, 96, 97, 98, 99, 100, 101, 102, 103, 104, 105, 106, 107, 108, 109, 110, 111, 112, 113, 114, 115, 116, 117, 118, 119, 120, 121, 122, 123, 124, 125, 126, 127, 128, 129, 130, 131, 132, 133, 134, 135, 136, 137, 138, 139, 140, 141, 142, 143, 144, 145, 146, 147, 148, 149, 150, 151, 152, 153, 154, 155, 156, 157, 158, 159, 160, 161, 162, 163, 164, 165, 166, 167, 168, 169, 170, 171, 172, 173, 174, 175, 176, 177, 178, 179, 180, 181, 182, 183, 184, 185, 186, 187, 188, 189, 190, 191, 192, 193, 194, 195, 196, 197, 198, 199, 200, 201, 202, 203, 204, 205, 206, 207, 208, 209, 210, 211, 212, 213, 214, 215, 216, 217, 218, 219, 220, 221, 222, 223, 224, 225, 226, 227, 228, 229, 230, 231, 232, 233, 234, 235, 236, 237, 238, 239, 240, 241, 242, 243, 244, 245, 246, 247, 248, 249, 250, 251, 252, 253, 254, 255, 256, 257, 258, 259, 260, 261, 262, 263, 264, 265, 266, 267, 268, 269, 270, 271, 272, 273, 274, 275, 276, 277, 278, 279, 280, 281, 282, 283, 284, 285, 286, 287, 288, 289, 290, 291, 292, 293, 294, 295, 296, 297, 298, 299, 300, 301, 302, 303, 304, 305, 306, 307, 308, 309, 310, 311, 312, 313, 314, 315, 316, 317, 318, 319, 320, 321, 322, 323, 324, 325, 326, 327, 328, 329, 330, 331, 332, 333, 334, 335, 336, 337, 338, 339, 340] | 记录 3 | 状态 成功
[############--------] 112/193 (58%) 完成 112/193 | 类别 tender_cover | 页数 1 | OCR 页 无 | 记录 1 | 状态 待复核
[############--------] 113/193 (59%) 完成 113/193 | 类别 award_notice | 页数 1 | OCR 页 [1] | 记录 1 | 状态 成功
[############--------] 114/193 (59%) 完成 114/193 | 类别 archive_info | 页数 181 | OCR 页 [1, 2, 3, 4, 5, 6, 7, 8, 9, 10, 11, 12, 13, 14, 15, 16, 17, 18, 19, 20, 21, 28, 29, 30, 31, 32, 33, 34, 35, 36, 37, 38, 39, 40, 41, 42, 43, 44, 45, 46, 47, 48, 49, 50, 51, 52, 53, 54, 55, 56, 57, 58, 59, 60, 61, 62, 63, 64, 65, 66, 67, 68, 69, 70, 71, 72, 73, 74, 75, 76, 77, 78, 79, 80, 81, 82, 83, 84, 85, 86, 87, 88, 89, 90, 91, 92, 93, 94, 95, 96, 97, 98, 99, 100, 101, 102, 103, 104, 105, 106, 107, 108, 109, 110, 111, 112, 113, 114, 115, 116, 117, 118, 119, 120, 121, 122, 123, 124, 125, 126, 127, 128, 129, 130, 131, 132, 133, 134, 135, 136, 137, 138, 139, 140, 141, 142, 143, 144, 145, 146, 147, 148, 149, 150, 151, 152, 153, 154, 155, 156, 157, 158, 159, 160, 161, 162, 163, 164, 165, 166, 167, 168, 169, 170, 171, 172, 173, 174, 175, 176, 177, 178, 179, 180, 181] | 记录 1 | 状态 成功
[############--------] 115/193 (60%) 完成 115/193 | 类别 tender_cover | 页数 1 | OCR 页 [1] | 记录 1 | 状态 待复核
[############--------] 116/193 (60%) 完成 116/193 | 类别 tender_cover | 页数 1 | OCR 页 [1] | 记录 1 | 状态 待复核
[############--------] 117/193 (61%) 完成 117/193 | 类别 tender_cover | 页数 1 | OCR 页 [1] | 记录 1 | 状态 待复核
[############--------] 118/193 (61%) 完成 118/193 | 类别 tender_cover | 页数 1 | OCR 页 [1] | 记录 1 | 状态 待复核
[############--------] 119/193 (62%) 完成 119/193 | 类别 bid_evaluation_report | 页数 18 | OCR 页 [1, 2, 3, 4, 5, 6, 7, 8, 9, 10, 11, 12, 13, 14, 15, 16, 17, 18] | 记录 7 | 状态 成功
[############--------] 120/193 (62%) 完成 120/193 | 类别 tender_cover | 页数 1 | OCR 页 [1] | 记录 1 | 状态 待复核
[#############-------] 121/193 (63%) 完成 121/193 | 类别 tender_cover | 页数 1 | OCR 页 [1] | 记录 1 | 状态 待复核
[#############-------] 122/193 (63%) 完成 122/193 | 类别 tender_cover | 页数 1 | OCR 页 [1] | 记录 1 | 状态 待复核
[#############-------] 123/193 (64%) 完成 123/193 | 类别 tender_cover | 页数 1 | OCR 页 [1] | 记录 1 | 状态 待复核
[#############-------] 124/193 (64%) 完成 124/193 | 类别 tender_cover | 页数 1 | OCR 页 [1] | 记录 1 | 状态 待复核
[#############-------] 125/193 (65%) 完成 125/193 | 类别 bid_evaluation_report | 页数 10 | OCR 页 [1, 2, 3, 4, 5, 6, 7, 8, 9, 10] | 记录 27 | 状态 成功
[#############-------] 126/193 (65%) 完成 126/193 | 类别 award_notice | 页数 1 | OCR 页 [1] | 记录 1 | 状态 成功
[#############-------] 127/193 (66%) 完成 127/193 | 类别 tender_cover | 页数 1 | OCR 页 [1] | 记录 1 | 状态 成功
[#############-------] 128/193 (66%) 完成 128/193 | 类别 tender_cover | 页数 1 | OCR 页 [1] | 记录 1 | 状态 成功
[#############-------] 129/193 (67%) 完成 129/193 | 类别 tender_cover | 页数 1 | OCR 页 [1] | 记录 1 | 状态 成功
[#############-------] 130/193 (67%) 完成 130/193 | 类别 tender_cover | 页数 2 | OCR 页 [1] | 记录 1 | 状态 成功
[##############------] 131/193 (68%) 完成 131/193 | 类别 tender_cover | 页数 2 | OCR 页 [1] | 记录 1 | 状态 成功
[##############------] 132/193 (68%) 完成 132/193 | 类别 tender_cover | 页数 2 | OCR 页 [1] | 记录 1 | 状态 成功
[##############------] 133/193 (69%) 完成 133/193 | 类别 tender_cover | 页数 2 | OCR 页 [1] | 记录 1 | 状态 成功
[##############------] 134/193 (69%) 完成 134/193 | 类别 tender_cover | 页数 1 | OCR 页 [1] | 记录 1 | 状态 成功
[##############------] 135/193 (70%) 完成 135/193 | 类别 tender_cover | 页数 2 | OCR 页 [1] | 记录 1 | 状态 成功
[##############------] 136/193 (70%) 完成 136/193 | 类别 tender_cover | 页数 2 | OCR 页 [1] | 记录 1 | 状态 成功
[##############------] 137/193 (71%) 完成 137/193 | 类别 tender_cover | 页数 2 | OCR 页 [1] | 记录 1 | 状态 成功
[##############------] 138/193 (72%) 完成 138/193 | 类别 tender_cover | 页数 2 | OCR 页 [1] | 记录 1 | 状态 成功
[##############------] 139/193 (72%) 完成 139/193 | 类别 tender_cover | 页数 2 | OCR 页 [1] | 记录 1 | 状态 成功
[###############-----] 140/193 (73%) 完成 140/193 | 类别 tender_cover | 页数 1 | OCR 页 [1] | 记录 1 | 状态 成功
[###############-----] 141/193 (73%) 完成 141/193 | 类别 tender_cover | 页数 2 | OCR 页 [1] | 记录 1 | 状态 成功
[###############-----] 142/193 (74%) 完成 142/193 | 类别 tender_cover | 页数 1 | OCR 页 [1] | 记录 1 | 状态 成功
[###############-----] 143/193 (74%) 完成 143/193 | 类别 tender_cover | 页数 1 | OCR 页 [1] | 记录 1 | 状态 成功
[###############-----] 144/193 (75%) 完成 144/193 | 类别 tender_cover | 页数 1 | OCR 页 [1] | 记录 1 | 状态 成功
[###############-----] 145/193 (75%) 完成 145/193 | 类别 tender_cover | 页数 2 | OCR 页 [1] | 记录 1 | 状态 成功
[###############-----] 146/193 (76%) 完成 146/193 | 类别 tender_cover | 页数 2 | OCR 页 [1] | 记录 1 | 状态 成功
[###############-----] 147/193 (76%) 完成 147/193 | 类别 tender_cover | 页数 1 | OCR 页 [1] | 记录 1 | 状态 成功
[###############-----] 148/193 (77%) 完成 148/193 | 类别 tender_cover | 页数 2 | OCR 页 [1] | 记录 1 | 状态 成功
[###############-----] 149/193 (77%) 完成 149/193 | 类别 tender_cover | 页数 2 | OCR 页 [1] | 记录 1 | 状态 成功
[################----] 150/193 (78%) 完成 150/193 | 类别 tender_cover | 页数 1 | OCR 页 [1] | 记录 1 | 状态 成功
[################----] 151/193 (78%) 完成 151/193 | 类别 tender_cover | 页数 1 | OCR 页 [1] | 记录 1 | 状态 成功
[################----] 152/193 (79%) 完成 152/193 | 类别 tender_cover | 页数 1 | OCR 页 [1] | 记录 1 | 状态 成功
[################----] 153/193 (79%) 完成 153/193 | 类别 tender_cover | 页数 2 | OCR 页 [1] | 记录 1 | 状态 成功
[################----] 154/193 (80%) 完成 154/193 | 类别 tender_cover | 页数 1 | OCR 页 [1] | 记录 1 | 状态 成功
[################----] 155/193 (80%) 完成 155/193 | 类别 tender_cover | 页数 2 | OCR 页 [1] | 记录 1 | 状态 成功
[################----] 156/193 (81%) 完成 156/193 | 类别 archive_info | 页数 262 | OCR 页 [1, 2, 3, 4, 5, 6, 7, 8, 9, 10, 11, 12, 13, 14, 15, 16, 17, 18, 19, 20, 21, 22, 23, 24, 25, 26, 27, 28, 29, 30, 31, 32, 33, 34, 35, 36, 37, 38, 39, 40, 41, 42, 43, 44, 45, 46, 47, 48, 49, 50, 51, 52, 53, 54, 55, 56, 57, 58, 59, 60, 61, 62, 63, 64, 65, 66, 67, 68, 69, 70, 71, 72, 73, 74, 75, 76, 77, 78, 79, 80, 81, 82, 83, 84, 85, 86, 87, 88, 89, 90, 91, 92, 93, 94, 95, 96, 97, 98, 99, 100, 101, 102, 103, 104, 105, 106, 107, 108, 109, 110, 111, 112, 113, 114, 115, 116, 117, 118, 119, 120, 121, 122, 123, 124, 125, 126, 127, 128, 129, 130, 131, 132, 133, 134, 135, 136, 137, 138, 139, 140, 141, 142, 143, 144, 145, 146, 147, 148, 149, 150, 151, 152, 153, 154, 155, 156, 157, 158, 159, 160, 161, 162, 163, 164, 165, 166, 167, 168, 169, 170, 171, 172, 173, 174, 175, 176, 177, 178, 179, 180, 181, 182, 183, 184, 185, 186, 187, 188, 189, 190, 191, 192, 193, 194, 195, 196, 197, 198, 199, 200, 201, 202, 203, 204, 205, 206, 207, 208, 209, 210, 211, 212, 213, 214, 215, 216, 217, 218, 219, 220, 221, 222, 223, 224, 225, 226, 227, 228, 229, 230, 231, 232, 233, 234, 235, 236, 237, 238, 239, 240, 241, 242, 243, 244, 245, 246, 247, 248, 249, 250, 251, 252, 253, 254, 255, 256, 257, 258, 259, 260, 261, 262] | 记录 30 | 状态 成功
[################----] 157/193 (81%) 完成 157/193 | 类别 bid_evaluation_report | 页数 185 | OCR 页 [1, 2, 3, 4, 5, 6, 7, 8, 9, 10, 11, 12, 13, 14, 15, 16, 17, 18, 19, 20, 21, 22, 23, 24, 25, 26, 27, 28, 29, 30, 31, 32, 33, 34, 35, 36, 37, 38, 39, 40, 41, 42, 43, 44, 45, 46, 47, 48, 49, 50, 51, 52, 53, 54, 55, 56, 57, 58, 59, 60, 61, 62, 63, 64, 65, 66, 67, 68, 69, 70, 71, 72, 73, 74, 75, 76, 77, 78, 79, 80, 81, 82, 83, 84, 85, 86, 87, 88, 89, 90, 91, 92, 93, 94, 95, 96, 97, 98, 99, 100, 101, 102, 103, 104, 105, 106, 107, 108, 109, 110, 111, 112, 113, 114, 115, 116, 117, 118, 119, 120, 121, 122, 123, 124, 125, 126, 127, 128, 129, 130, 131, 132, 133, 134, 135, 136, 137, 138, 139, 140, 141, 142, 143, 144, 145, 146, 147, 148, 149, 150, 151, 152, 153, 154, 155, 156, 157, 158, 159, 160, 161, 162, 163, 164, 165, 166, 167, 168, 169, 170, 171, 172, 173, 174, 175, 176, 177, 178, 179, 180, 181, 182, 183, 184, 185] | 记录 7 | 状态 成功
[################----] 158/193 (82%) 完成 158/193 | 类别 bid_candidates | 页数 2 | OCR 页 无 | 记录 9 | 状态 成功
[################----] 159/193 (82%) 完成 159/193 | 类别 bid_announcement | 页数 1 | OCR 页 无 | 记录 1 | 状态 成功
[#################---] 160/193 (83%) 完成 160/193 | 类别 award_notice | 页数 1 | OCR 页 [1] | 记录 1 | 状态 成功
[#################---] 161/193 (83%) 完成 161/193 | 类别 archive_info | 页数 505 | OCR 页 [1, 2, 3, 4, 5, 6, 7, 8, 9, 10, 11, 12, 13, 14, 15, 16, 17, 18, 19, 20, 21, 22, 23, 24, 25, 26, 27, 28, 29, 30, 31, 32, 33, 34, 35, 36, 37, 38, 39, 40, 41, 42, 43, 44, 45, 46, 47, 48, 49, 50, 51, 52, 53, 54, 55, 56, 57, 58, 59, 60, 61, 62, 63, 64, 65, 66, 67, 68, 69, 70, 71, 72, 73, 74, 75, 76, 77, 78, 79, 80, 81, 82, 83, 84, 85, 86, 87, 88, 89, 90, 91, 92, 93, 94, 95, 96, 97, 98, 99, 100, 101, 102, 103, 104, 105, 106, 107, 108, 109, 110, 111, 112, 113, 114, 115, 116, 117, 118, 119, 120, 121, 122, 123, 124, 125, 126, 127, 128, 129, 130, 131, 132, 133, 134, 135, 136, 137, 138, 139, 140, 141, 142, 143, 144, 145, 146, 147, 148, 149, 150, 151, 152, 153, 154, 155, 156, 157, 158, 159, 160, 161, 162, 163, 164, 165, 166, 167, 168, 169, 170, 171, 172, 173, 174, 175, 176, 177, 178, 179, 180, 181, 182, 183, 184, 185, 186, 187, 188, 189, 190, 191, 192, 193, 194, 195, 196, 197, 198, 199, 200, 201, 202, 203, 204, 205, 206, 207, 208, 209, 210, 211, 212, 213, 214, 215, 216, 217, 218, 219, 220, 221, 222, 223, 224, 225, 226, 227, 228, 229, 230, 231, 232, 233, 234, 235, 236, 237, 238, 239, 240, 241, 242, 243, 244, 245, 246, 247, 248, 249, 250, 251, 252, 253, 254, 255, 256, 257, 258, 259, 260, 261, 262, 263, 264, 265, 266, 267, 268, 269, 270, 271, 272, 273, 274, 275, 276, 277, 278, 279, 280, 281, 282, 283, 284, 285, 286, 287, 288, 289, 290, 291, 292, 293, 294, 295, 296, 297, 298, 299, 300, 301, 302, 303, 304, 305, 306, 307, 308, 309, 310, 311, 312, 313, 314, 315, 316, 317, 318, 319, 320, 321, 322, 323, 324, 325, 326, 327, 328, 329, 330, 331, 332, 333, 334, 335, 336, 337, 338, 339, 340, 341, 342, 343, 344, 345, 346, 347, 348, 349, 350, 351, 352, 353, 354, 355, 356, 357, 358, 359, 360, 361, 362, 363, 364, 365, 366, 367, 368, 369, 370, 371, 372, 373, 374, 375, 376, 377, 378, 379, 380, 381, 382, 383, 384, 385, 386, 387, 388, 389, 390, 391, 392, 393, 394, 395, 396, 397, 398, 399, 400, 401, 402, 403, 404, 405, 406, 407, 408, 409, 410, 411, 412, 413, 414, 415, 416, 417, 418, 419, 420, 421, 422, 423, 424, 425, 426, 427, 428, 429, 430, 431, 432, 433, 434, 435, 436, 437, 438, 439, 440, 441, 442, 443, 444, 445, 446, 447, 448, 449, 450, 451, 452, 453, 454, 455, 456, 457, 458, 459, 460, 461, 462, 463, 464, 465, 466, 467, 468, 469, 470, 471, 472, 473, 474, 475, 476, 477, 478, 479, 480, 481, 482, 483, 484, 485, 486, 487, 488, 489, 490, 491, 492, 493, 494, 495, 496, 497, 498, 499, 500, 501, 502, 503, 504, 505] | 记录 3 | 状态 成功
[#################---] 162/193 (84%) 完成 162/193 | 类别 archive_info | 页数 240 | OCR 页 [1, 2, 3, 4, 5, 6, 7, 8, 54, 180, 181, 182, 183, 184, 185, 186, 187, 188, 189, 190, 191, 192, 193, 194, 195, 196, 197, 198, 199, 200, 201, 202, 203, 204, 205, 206, 207, 208, 209, 210, 211, 212, 213, 214, 215, 216, 217, 218, 219, 220, 221, 222, 223, 224, 225, 226, 227, 228, 229, 230, 231, 232, 233, 234, 235, 236, 237, 238, 239, 240] | 记录 1 | 状态 成功
[#################---] 163/193 (84%) 完成 163/193 | 类别 bid_announcement | 页数 1 | OCR 页 无 | 记录 1 | 状态 成功
[#################---] 164/193 (85%) 完成 164/193 | 类别 award_notice | 页数 1 | OCR 页 [1] | 记录 1 | 状态 成功
[#################---] 165/193 (85%) 完成 165/193 | 类别 tender_cover | 页数 1 | OCR 页 [1] | 记录 1 | 状态 成功
[#################---] 166/193 (86%) 完成 166/193 | 类别 tender_cover | 页数 1 | OCR 页 [1] | 记录 1 | 状态 成功
[#################---] 167/193 (87%) 完成 167/193 | 类别 tender_cover | 页数 1 | OCR 页 [1] | 记录 1 | 状态 成功
[#################---] 168/193 (87%) 完成 168/193 | 类别 tender_cover | 页数 1 | OCR 页 无 | 记录 1 | 状态 成功
[##################--] 169/193 (88%) 完成 169/193 | 类别 bid_evaluation_report | 页数 196 | OCR 页 [1, 2, 3, 4, 5, 6, 7, 8, 9, 10, 11, 12, 13, 14, 15, 16, 17, 18, 19, 20, 21, 22, 23, 24, 25, 26, 27, 28, 29, 30, 31, 32, 33, 34, 35, 36, 37, 38, 39, 40, 41, 42, 43, 44, 45, 46, 47, 48, 49, 50, 51, 52, 53, 54, 55, 56, 57, 58, 59, 60, 61, 62, 63, 64, 65, 66, 67, 68, 69, 70, 71, 72, 73, 74, 75, 76, 77, 78, 79, 80, 81, 82, 83, 84, 85, 86, 87, 88, 89, 90, 91, 92, 93, 94, 95, 96, 97, 98, 99, 100, 101, 102, 103, 104, 105, 106, 107, 108, 109, 110, 111, 112, 113, 114, 115, 116, 117, 118, 119, 120, 121, 122, 123, 124, 125, 126, 127, 128, 129, 130, 131, 132, 133, 134, 135, 136, 137, 138, 139, 140, 141, 142, 143, 144, 145, 146, 147, 148, 149, 150, 151, 152, 153, 154, 155, 156, 157, 158, 159, 160, 161, 162, 163, 164, 165, 166, 167, 168, 169, 170, 171, 172, 173, 174, 175, 176, 177, 178, 179, 180, 181, 182, 183, 184, 185, 186, 187, 188, 189, 190, 191, 192, 193, 194, 195, 196] | 记录 7 | 状态 成功
[##################--] 170/193 (88%) 完成 170/193 | 类别 bid_candidates | 页数 2 | OCR 页 无 | 记录 12 | 状态 成功
[##################--] 171/193 (89%) 完成 171/193 | 类别 bid_candidates | 页数 2 | OCR 页 无 | 记录 12 | 状态 成功
[##################--] 172/193 (89%) 完成 172/193 | 类别 archive_info | 页数 414 | OCR 页 [1, 2, 3, 4, 5, 6, 7, 8, 9, 10, 11, 12, 13, 14, 15, 16, 17, 18, 19, 20, 21, 22, 23, 24, 25, 26, 27, 28, 29, 30, 31, 32, 33, 34, 35, 36, 37, 38, 39, 40, 41, 42, 43, 44, 45, 46, 47, 48, 49, 50, 51, 52, 53, 54, 55, 56, 57, 58, 59, 60, 61, 62, 63, 64, 65, 66, 67, 68, 69, 70, 71, 72, 73, 74, 75, 76, 77, 78, 79, 80, 81, 82, 83, 84, 85, 86, 87, 88, 89, 90, 91, 92, 93, 94, 95, 96, 97, 98, 99, 100, 101, 102, 103, 104, 105, 106, 107, 108, 109, 110, 111, 112, 113, 114, 115, 116, 117, 118, 119, 120, 121, 122, 123, 124, 125, 126, 127, 128, 129, 130, 131, 132, 133, 134, 135, 136, 137, 138, 139, 140, 141, 142, 143, 144, 145, 146, 147, 148, 149, 150, 151, 152, 153, 154, 155, 156, 157, 158, 159, 160, 161, 162, 163, 164, 165, 166, 167, 168, 169, 170, 171, 172, 173, 174, 175, 176, 177, 178, 179, 180, 181, 182, 183, 184, 185, 186, 187, 188, 189, 190, 191, 192, 193, 194, 195, 196, 197, 198, 199, 200, 201, 202, 203, 204, 205, 206, 207, 208, 209, 210, 211, 212, 213, 214, 215, 216, 217, 218, 219, 220, 221, 222, 223, 224, 225, 226, 227, 228, 229, 230, 231, 232, 233, 234, 235, 236, 237, 238, 239, 240, 241, 242, 243, 244, 245, 246, 247, 248, 249, 250, 251, 252, 253, 254, 255, 256, 257, 258, 259, 260, 261, 262, 263, 264, 265, 266, 267, 268, 269, 270, 271, 272, 273, 274, 275, 276, 277, 278, 279, 280, 281, 282, 283, 284, 285, 286, 287, 288, 289, 290, 291, 292, 293, 294, 295, 296, 297, 298, 299, 300, 301, 302, 303, 304, 305, 306, 307, 308, 309, 310, 311, 312, 313, 314, 315, 316, 317, 318, 319, 320, 321, 322, 323, 324, 325, 326, 327, 328, 329, 330, 331, 332, 333, 334, 335, 336, 337, 338, 339, 340, 341, 342, 343, 344, 345, 346, 347, 348, 349, 350, 351, 352, 353, 354, 355, 356, 357, 358, 359, 360, 361, 362, 363, 364, 365, 366, 367, 368, 369, 370, 371, 372, 373, 374, 375, 376, 377, 378, 379, 380, 381, 382, 383, 384, 385, 386, 387, 388, 389, 390, 391, 392, 393, 394, 395, 396, 397, 398, 399, 400, 401, 402, 403, 404, 405, 406, 407, 408, 409, 410, 411, 412, 413, 414] | 记录 3 | 状态 待复核
[##################--] 173/193 (90%) 完成 173/193 | 类别 archive_info | 页数 260 | OCR 页 [1, 2, 3, 4, 5, 6, 7, 8, 9, 10, 11, 12, 13, 14, 15, 16, 17, 18, 19, 20, 21, 22, 23, 24, 25, 26, 27, 28, 29, 30, 31, 32, 33, 34, 35, 36, 37, 38, 39, 40, 41, 42, 43, 44, 45, 46, 47, 48, 49, 50, 51, 52, 53, 54, 55, 56, 57, 58, 59, 60, 61, 62, 63, 64, 65, 66, 67, 68, 69, 70, 71, 72, 73, 74, 75, 76, 77, 78, 79, 80, 81, 82, 83, 84, 85, 86, 87, 88, 89, 90, 91, 92, 93, 94, 95, 96, 97, 98, 99, 100, 101, 102, 103, 104, 105, 106, 107, 108, 109, 110, 111, 112, 113, 114, 115, 116, 117, 118, 119, 120, 121, 122, 123, 124, 125, 126, 127, 128, 129, 130, 131, 132, 133, 134, 135, 136, 137, 138, 139, 140, 141, 142, 143, 144, 145, 146, 147, 148, 149, 150, 151, 152, 153, 154, 155, 156, 157, 158, 159, 160, 161, 162, 163, 164, 165, 166, 167, 168, 169, 170, 171, 172, 173, 174, 175, 176, 177, 178, 179, 180, 181, 182, 183, 184, 185, 186, 187, 188, 189, 190, 191, 192, 193, 194, 195, 196, 197, 198, 199, 200, 201, 202, 203, 204, 205, 206, 207, 208, 209, 210, 211, 212, 213, 214, 215, 216, 217, 218, 219, 220, 221, 222, 223, 224, 225, 226, 227, 228, 229, 230, 231, 232, 233, 234, 235, 236, 237, 238, 239, 240, 241, 242, 243, 244, 245, 246, 247, 248, 249, 250, 251, 252, 253, 254, 255, 256, 257, 258, 259, 260] | 记录 4 | 状态 成功
[##################--] 174/193 (90%) 完成 174/193 | 类别 archive_info | 页数 239 | OCR 页 [1, 2, 3, 4, 5, 6, 7, 8, 9, 10, 11, 12, 13, 14, 15, 16, 17, 18, 19, 20, 21, 22, 23, 24, 25, 26, 27, 28, 29, 30, 31, 32, 33, 34, 35, 36, 37, 38, 39, 40, 41, 42, 43, 44, 45, 46, 47, 48, 49, 50, 51, 52, 53, 54, 55, 56, 57, 58, 59, 60, 61, 62, 63, 64, 65, 66, 67, 68, 69, 70, 71, 72, 73, 74, 75, 76, 77, 78, 79, 80, 81, 82, 83, 84, 85, 86, 87, 88, 89, 90, 91, 92, 93, 94, 95, 96, 97, 98, 99, 100, 101, 102, 103, 104, 105, 106, 107, 108, 109, 110, 111, 112, 113, 114, 115, 116, 117, 118, 119, 120, 121, 122, 123, 124, 125, 126, 127, 128, 129, 130, 131, 132, 133, 134, 135, 136, 137, 138, 139, 140, 141, 142, 143, 144, 145, 146, 147, 148, 149, 150, 151, 152, 153, 154, 155, 156, 157, 158, 159, 160, 161, 162, 163, 164, 165, 166, 167, 168, 169, 170, 171, 172, 173, 174, 175, 176, 177, 178, 179, 180, 181, 182, 183, 184, 185, 186, 187, 188, 189, 190, 191, 192, 193, 194, 195, 196, 197, 198, 199, 200, 201, 202, 203, 204, 205, 206, 207, 208, 209, 210, 211, 212, 213, 214, 215, 216, 217, 218, 219, 220, 221, 222, 223, 224, 225, 226, 227, 228, 229, 230, 231, 232, 233, 234, 235, 236, 237, 238, 239] | 记录 6 | 状态 待复核
[##################--] 175/193 (91%) 完成 175/193 | 类别 award_notice | 页数 1 | OCR 页 [1] | 记录 1 | 状态 成功
[##################--] 176/193 (91%) 完成 176/193 | 类别 tender_cover | 页数 1 | OCR 页 [1] | 记录 1 | 状态 待复核
[##################--] 177/193 (92%) 完成 177/193 | 类别 tender_cover | 页数 1 | OCR 页 无 | 记录 1 | 状态 待复核
[##################--] 178/193 (92%) 完成 178/193 | 类别 tender_cover | 页数 1 | OCR 页 [1] | 记录 1 | 状态 待复核
[###################-] 179/193 (93%) 完成 179/193 | 类别 tender_cover | 页数 1 | OCR 页 无 | 记录 1 | 状态 待复核
[###################-] 180/193 (93%) 完成 180/193 | 类别 bid_evaluation_report | 页数 132 | OCR 页 [1, 2, 3, 4, 5, 6, 7, 8, 9, 10, 11, 12, 13, 14, 15, 16, 17, 18, 19, 20, 21, 22, 23, 24, 25, 26, 27, 28, 29, 30, 31, 32, 33, 34, 35, 36, 37, 38, 39, 40, 41, 42, 43, 44, 45, 46, 47, 48, 49, 50, 51, 52, 53, 54, 55, 56, 57, 58, 59, 60, 61, 62, 63, 64, 65, 66, 67, 68, 69, 70, 71, 72, 73, 74, 75, 76, 77, 78, 79, 80, 81, 82, 83, 84, 85, 86, 87, 88, 89, 90, 91, 92, 93, 94, 95, 96, 97, 98, 99, 100, 101, 102, 103, 104, 105, 106, 107, 108, 109, 110, 111, 112, 113, 114, 115, 116, 117, 118, 119, 120, 121, 122, 123, 124, 125, 126, 127, 128, 129, 130, 131, 132] | 记录 1 | 状态 待复核
[###################-] 181/193 (94%) 完成 181/193 | 类别 bid_announcement | 页数 1 | OCR 页 [1] | 记录 1 | 状态 成功
[###################-] 182/193 (94%) 完成 182/193 | 类别 bid_candidates | 页数 2 | OCR 页 [1, 2] | 记录 9 | 状态 成功
[###################-] 183/193 (95%) 完成 183/193 | 类别 award_notice | 页数 1 | OCR 页 [1] | 记录 1 | 状态 成功
[###################-] 184/193 (95%) 完成 184/193 | 类别 tender_cover | 页数 1 | OCR 页 [1] | 记录 1 | 状态 成功
[###################-] 185/193 (96%) 完成 185/193 | 类别 tender_cover | 页数 1 | OCR 页 [1] | 记录 1 | 状态 成功
[###################-] 186/193 (96%) 完成 186/193 | 类别 tender_cover | 页数 1 | OCR 页 [1] | 记录 1 | 状态 成功
[###################-] 187/193 (97%) 完成 187/193 | 类别 tender_cover | 页数 1 | OCR 页 [1] | 记录 1 | 状态 成功
[###################-] 188/193 (97%) 完成 188/193 | 类别 tender_cover | 页数 1 | OCR 页 [1] | 记录 1 | 状态 成功
[####################] 189/193 (98%) 完成 189/193 | 类别 tender_cover | 页数 1 | OCR 页 [1] | 记录 1 | 状态 成功
[####################] 190/193 (98%) 完成 190/193 | 类别 tender_cover | 页数 1 | OCR 页 [1] | 记录 1 | 状态 成功
[####################] 191/193 (99%) 完成 191/193 | 类别 tender_cover | 页数 1 | OCR 页 [1] | 记录 1 | 状态 成功
[####################] 192/193 (99%) 完成 192/193 | 类别 archive_info | 页数 32 | OCR 页 [1, 2, 3, 4, 5, 6, 7, 8, 9, 10, 11, 12, 13, 14, 15, 16, 17, 18, 19, 20, 21, 22, 23, 24, 25, 26, 27, 28, 29, 30, 31, 32] | 记录 4 | 状态 待复核
[####################] 193/193 (100%) 完成 193/193 | 类别 archive_info | 页数 20 | OCR 页 [1, 2, 3, 4, 5, 6, 7, 8, 9, 10, 11, 12, 13, 14, 15, 16, 17, 18, 19, 20] | 记录 1 | 状态 待复核
PDF 解析完成，正在生成分类 CSV、最终汇总和复核清单。
结果已写入：/home/wisdi/projects/bidding_files_utils/output/test_mp
处理完成：扫描 3053 个，识别 193 个，处理 193 个，记录 520 条，待复核 65 条，失败 0 个。
结果目录：/home/wisdi/projects/bidding_files_utils/output/test_mp
